../Core/Src/main.c:68:6:LCD_Command	32	static
../Core/Src/main.c:80:6:LCD_Data	32	static
../Core/Src/main.c:92:6:LCD_Init	8	static
../Core/Src/main.c:118:6:LCD_GotoXY	24	static
../Core/Src/main.c:126:6:LCD_String	16	static
../Core/Src/main.c:134:6:LCD_GotoXY_String	24	static
../Core/Src/main.c:143:6:HAL_TIM_IC_CaptureCallback	24	static
../Core/Src/main.c:195:5:main	8	static
../Core/Src/main.c:249:6:SystemClock_Config	72	static
../Core/Src/main.c:289:13:MX_I2C1_Init	8	static
../Core/Src/main.c:323:13:MX_TIM2_Init	32	static
../Core/Src/main.c:371:13:MX_TIM3_Init	32	static
../Core/Src/main.c:416:13:MX_GPIO_Init	40	static
../Core/Src/main.c:449:6:Error_Handler	4	static,ignoring_inline_asm
