09:14:22 **** Build of configuration Debug for project hmm ****
make -j8 all 
arm-none-eabi-gcc "../Drivers/STM32F1xx_HAL_Driver/Src/stm32f1xx_hal.c" -mcpu=cortex-m3 -std=gnu11 -g3 -DDEBUG -DUSE_HAL_DRIVER -DSTM32F103xB -c -I../Core/Inc -I../Drivers/STM32F1xx_HAL_Driver/Inc/Legacy -I../Drivers/STM32F1xx_HAL_Driver/Inc -I../Drivers/CMSIS/Device/ST/STM32F1xx/Include -I../Drivers/CMSIS/Include -O0 -ffunction-sections -fdata-sections -Wall -fstack-usage -fcyclomatic-complexity -MMD -MP -MF"Drivers/STM32F1xx_HAL_Driver/Src/stm32f1xx_hal.d" -MT"Drivers/STM32F1xx_HAL_Driver/Src/stm32f1xx_hal.o" --specs=nano.specs -mfloat-abi=soft -mthumb -o "Drivers/STM32F1xx_HAL_Driver/Src/stm32f1xx_hal.o"
arm-none-eabi-gcc "../Drivers/STM32F1xx_HAL_Driver/Src/stm32f1xx_hal_cortex.c" -mcpu=cortex-m3 -std=gnu11 -g3 -DDEBUG -DUSE_HAL_DRIVER -DSTM32F103xB -c -I../Core/Inc -I../Drivers/STM32F1xx_HAL_Driver/Inc/Legacy -I../Drivers/STM32F1xx_HAL_Driver/Inc -I../Drivers/CMSIS/Device/ST/STM32F1xx/Include -I../Drivers/CMSIS/Include -O0 -ffunction-sections -fdata-sections -Wall -fstack-usage -fcyclomatic-complexity -MMD -MP -MF"Drivers/STM32F1xx_HAL_Driver/Src/stm32f1xx_hal_cortex.d" -MT"Drivers/STM32F1xx_HAL_Driver/Src/stm32f1xx_hal_cortex.o" --specs=nano.specs -mfloat-abi=soft -mthumb -o "Drivers/STM32F1xx_HAL_Driver/Src/stm32f1xx_hal_cortex.o"
arm-none-eabi-gcc "../Drivers/STM32F1xx_HAL_Driver/Src/stm32f1xx_hal_dma.c" -mcpu=cortex-m3 -std=gnu11 -g3 -DDEBUG -DUSE_HAL_DRIVER -DSTM32F103xB -c -I../Core/Inc -I../Drivers/STM32F1xx_HAL_Driver/Inc/Legacy -I../Drivers/STM32F1xx_HAL_Driver/Inc -I../Drivers/CMSIS/Device/ST/STM32F1xx/Include -I../Drivers/CMSIS/Include -O0 -ffunction-sections -fdata-sections -Wall -fstack-usage -fcyclomatic-complexity -MMD -MP -MF"Drivers/STM32F1xx_HAL_Driver/Src/stm32f1xx_hal_dma.d" -MT"Drivers/STM32F1xx_HAL_Driver/Src/stm32f1xx_hal_dma.o" --specs=nano.specs -mfloat-abi=soft -mthumb -o "Drivers/STM32F1xx_HAL_Driver/Src/stm32f1xx_hal_dma.o"
arm-none-eabi-gcc "../Drivers/STM32F1xx_HAL_Driver/Src/stm32f1xx_hal_exti.c" -mcpu=cortex-m3 -std=gnu11 -g3 -DDEBUG -DUSE_HAL_DRIVER -DSTM32F103xB -c -I../Core/Inc -I../Drivers/STM32F1xx_HAL_Driver/Inc/Legacy -I../Drivers/STM32F1xx_HAL_Driver/Inc -I../Drivers/CMSIS/Device/ST/STM32F1xx/Include -I../Drivers/CMSIS/Include -O0 -ffunction-sections -fdata-sections -Wall -fstack-usage -fcyclomatic-complexity -MMD -MP -MF"Drivers/STM32F1xx_HAL_Driver/Src/stm32f1xx_hal_exti.d" -MT"Drivers/STM32F1xx_HAL_Driver/Src/stm32f1xx_hal_exti.o" --specs=nano.specs -mfloat-abi=soft -mthumb -o "Drivers/STM32F1xx_HAL_Driver/Src/stm32f1xx_hal_exti.o"
arm-none-eabi-gcc "../Drivers/STM32F1xx_HAL_Driver/Src/stm32f1xx_hal_flash.c" -mcpu=cortex-m3 -std=gnu11 -g3 -DDEBUG -DUSE_HAL_DRIVER -DSTM32F103xB -c -I../Core/Inc -I../Drivers/STM32F1xx_HAL_Driver/Inc/Legacy -I../Drivers/STM32F1xx_HAL_Driver/Inc -I../Drivers/CMSIS/Device/ST/STM32F1xx/Include -I../Drivers/CMSIS/Include -O0 -ffunction-sections -fdata-sections -Wall -fstack-usage -fcyclomatic-complexity -MMD -MP -MF"Drivers/STM32F1xx_HAL_Driver/Src/stm32f1xx_hal_flash.d" -MT"Drivers/STM32F1xx_HAL_Driver/Src/stm32f1xx_hal_flash.o" --specs=nano.specs -mfloat-abi=soft -mthumb -o "Drivers/STM32F1xx_HAL_Driver/Src/stm32f1xx_hal_flash.o"
arm-none-eabi-gcc "../Drivers/STM32F1xx_HAL_Driver/Src/stm32f1xx_hal_flash_ex.c" -mcpu=cortex-m3 -std=gnu11 -g3 -DDEBUG -DUSE_HAL_DRIVER -DSTM32F103xB -c -I../Core/Inc -I../Drivers/STM32F1xx_HAL_Driver/Inc/Legacy -I../Drivers/STM32F1xx_HAL_Driver/Inc -I../Drivers/CMSIS/Device/ST/STM32F1xx/Include -I../Drivers/CMSIS/Include -O0 -ffunction-sections -fdata-sections -Wall -fstack-usage -fcyclomatic-complexity -MMD -MP -MF"Drivers/STM32F1xx_HAL_Driver/Src/stm32f1xx_hal_flash_ex.d" -MT"Drivers/STM32F1xx_HAL_Driver/Src/stm32f1xx_hal_flash_ex.o" --specs=nano.specs -mfloat-abi=soft -mthumb -o "Drivers/STM32F1xx_HAL_Driver/Src/stm32f1xx_hal_flash_ex.o"
arm-none-eabi-gcc "../Drivers/STM32F1xx_HAL_Driver/Src/stm32f1xx_hal_gpio.c" -mcpu=cortex-m3 -std=gnu11 -g3 -DDEBUG -DUSE_HAL_DRIVER -DSTM32F103xB -c -I../Core/Inc -I../Drivers/STM32F1xx_HAL_Driver/Inc/Legacy -I../Drivers/STM32F1xx_HAL_Driver/Inc -I../Drivers/CMSIS/Device/ST/STM32F1xx/Include -I../Drivers/CMSIS/Include -O0 -ffunction-sections -fdata-sections -Wall -fstack-usage -fcyclomatic-complexity -MMD -MP -MF"Drivers/STM32F1xx_HAL_Driver/Src/stm32f1xx_hal_gpio.d" -MT"Drivers/STM32F1xx_HAL_Driver/Src/stm32f1xx_hal_gpio.o" --specs=nano.specs -mfloat-abi=soft -mthumb -o "Drivers/STM32F1xx_HAL_Driver/Src/stm32f1xx_hal_gpio.o"
arm-none-eabi-gcc "../Drivers/STM32F1xx_HAL_Driver/Src/stm32f1xx_hal_gpio_ex.c" -mcpu=cortex-m3 -std=gnu11 -g3 -DDEBUG -DUSE_HAL_DRIVER -DSTM32F103xB -c -I../Core/Inc -I../Drivers/STM32F1xx_HAL_Driver/Inc/Legacy -I../Drivers/STM32F1xx_HAL_Driver/Inc -I../Drivers/CMSIS/Device/ST/STM32F1xx/Include -I../Drivers/CMSIS/Include -O0 -ffunction-sections -fdata-sections -Wall -fstack-usage -fcyclomatic-complexity -MMD -MP -MF"Drivers/STM32F1xx_HAL_Driver/Src/stm32f1xx_hal_gpio_ex.d" -MT"Drivers/STM32F1xx_HAL_Driver/Src/stm32f1xx_hal_gpio_ex.o" --specs=nano.specs -mfloat-abi=soft -mthumb -o "Drivers/STM32F1xx_HAL_Driver/Src/stm32f1xx_hal_gpio_ex.o"
arm-none-eabi-gcc "../Drivers/STM32F1xx_HAL_Driver/Src/stm32f1xx_hal_pwr.c" -mcpu=cortex-m3 -std=gnu11 -g3 -DDEBUG -DUSE_HAL_DRIVER -DSTM32F103xB -c -I../Core/Inc -I../Drivers/STM32F1xx_HAL_Driver/Inc/Legacy -I../Drivers/STM32F1xx_HAL_Driver/Inc -I../Drivers/CMSIS/Device/ST/STM32F1xx/Include -I../Drivers/CMSIS/Include -O0 -ffunction-sections -fdata-sections -Wall -fstack-usage -fcyclomatic-complexity -MMD -MP -MF"Drivers/STM32F1xx_HAL_Driver/Src/stm32f1xx_hal_pwr.d" -MT"Drivers/STM32F1xx_HAL_Driver/Src/stm32f1xx_hal_pwr.o" --specs=nano.specs -mfloat-abi=soft -mthumb -o "Drivers/STM32F1xx_HAL_Driver/Src/stm32f1xx_hal_pwr.o"
arm-none-eabi-gcc "../Drivers/STM32F1xx_HAL_Driver/Src/stm32f1xx_hal_rcc.c" -mcpu=cortex-m3 -std=gnu11 -g3 -DDEBUG -DUSE_HAL_DRIVER -DSTM32F103xB -c -I../Core/Inc -I../Drivers/STM32F1xx_HAL_Driver/Inc/Legacy -I../Drivers/STM32F1xx_HAL_Driver/Inc -I../Drivers/CMSIS/Device/ST/STM32F1xx/Include -I../Drivers/CMSIS/Include -O0 -ffunction-sections -fdata-sections -Wall -fstack-usage -fcyclomatic-complexity -MMD -MP -MF"Drivers/STM32F1xx_HAL_Driver/Src/stm32f1xx_hal_rcc.d" -MT"Drivers/STM32F1xx_HAL_Driver/Src/stm32f1xx_hal_rcc.o" --specs=nano.specs -mfloat-abi=soft -mthumb -o "Drivers/STM32F1xx_HAL_Driver/Src/stm32f1xx_hal_rcc.o"
arm-none-eabi-gcc "../Drivers/STM32F1xx_HAL_Driver/Src/stm32f1xx_hal_rcc_ex.c" -mcpu=cortex-m3 -std=gnu11 -g3 -DDEBUG -DUSE_HAL_DRIVER -DSTM32F103xB -c -I../Core/Inc -I../Drivers/STM32F1xx_HAL_Driver/Inc/Legacy -I../Drivers/STM32F1xx_HAL_Driver/Inc -I../Drivers/CMSIS/Device/ST/STM32F1xx/Include -I../Drivers/CMSIS/Include -O0 -ffunction-sections -fdata-sections -Wall -fstack-usage -fcyclomatic-complexity -MMD -MP -MF"Drivers/STM32F1xx_HAL_Driver/Src/stm32f1xx_hal_rcc_ex.d" -MT"Drivers/STM32F1xx_HAL_Driver/Src/stm32f1xx_hal_rcc_ex.o" --specs=nano.specs -mfloat-abi=soft -mthumb -o "Drivers/STM32F1xx_HAL_Driver/Src/stm32f1xx_hal_rcc_ex.o"
arm-none-eabi-gcc "../Drivers/STM32F1xx_HAL_Driver/Src/stm32f1xx_hal_tim.c" -mcpu=cortex-m3 -std=gnu11 -g3 -DDEBUG -DUSE_HAL_DRIVER -DSTM32F103xB -c -I../Core/Inc -I../Drivers/STM32F1xx_HAL_Driver/Inc/Legacy -I../Drivers/STM32F1xx_HAL_Driver/Inc -I../Drivers/CMSIS/Device/ST/STM32F1xx/Include -I../Drivers/CMSIS/Include -O0 -ffunction-sections -fdata-sections -Wall -fstack-usage -fcyclomatic-complexity -MMD -MP -MF"Drivers/STM32F1xx_HAL_Driver/Src/stm32f1xx_hal_tim.d" -MT"Drivers/STM32F1xx_HAL_Driver/Src/stm32f1xx_hal_tim.o" --specs=nano.specs -mfloat-abi=soft -mthumb -o "Drivers/STM32F1xx_HAL_Driver/Src/stm32f1xx_hal_tim.o"
arm-none-eabi-gcc "../Drivers/STM32F1xx_HAL_Driver/Src/stm32f1xx_hal_tim_ex.c" -mcpu=cortex-m3 -std=gnu11 -g3 -DDEBUG -DUSE_HAL_DRIVER -DSTM32F103xB -c -I../Core/Inc -I../Drivers/STM32F1xx_HAL_Driver/Inc/Legacy -I../Drivers/STM32F1xx_HAL_Driver/Inc -I../Drivers/CMSIS/Device/ST/STM32F1xx/Include -I../Drivers/CMSIS/Include -O0 -ffunction-sections -fdata-sections -Wall -fstack-usage -fcyclomatic-complexity -MMD -MP -MF"Drivers/STM32F1xx_HAL_Driver/Src/stm32f1xx_hal_tim_ex.d" -MT"Drivers/STM32F1xx_HAL_Driver/Src/stm32f1xx_hal_tim_ex.o" --specs=nano.specs -mfloat-abi=soft -mthumb -o "Drivers/STM32F1xx_HAL_Driver/Src/stm32f1xx_hal_tim_ex.o"
arm-none-eabi-gcc -mcpu=cortex-m3 -g3 -DDEBUG -c -x assembler-with-cpp -MMD -MP -MF"Core/Startup/startup_stm32f103c8tx.d" -MT"Core/Startup/startup_stm32f103c8tx.o" --specs=nano.specs -mfloat-abi=soft -mthumb -o "Core/Startup/startup_stm32f103c8tx.o" "../Core/Startup/startup_stm32f103c8tx.s"
arm-none-eabi-gcc "../Core/Src/main.c" -mcpu=cortex-m3 -std=gnu11 -g3 -DDEBUG -DUSE_HAL_DRIVER -DSTM32F103xB -c -I../Core/Inc -I../Drivers/STM32F1xx_HAL_Driver/Inc/Legacy -I../Drivers/STM32F1xx_HAL_Driver/Inc -I../Drivers/CMSIS/Device/ST/STM32F1xx/Include -I../Drivers/CMSIS/Include -O0 -ffunction-sections -fdata-sections -Wall -fstack-usage -fcyclomatic-complexity -MMD -MP -MF"Core/Src/main.d" -MT"Core/Src/main.o" --specs=nano.specs -mfloat-abi=soft -mthumb -o "Core/Src/main.o"
arm-none-eabi-gcc "../Core/Src/stm32f1xx_hal_msp.c" -mcpu=cortex-m3 -std=gnu11 -g3 -DDEBUG -DUSE_HAL_DRIVER -DSTM32F103xB -c -I../Core/Inc -I../Drivers/STM32F1xx_HAL_Driver/Inc/Legacy -I../Drivers/STM32F1xx_HAL_Driver/Inc -I../Drivers/CMSIS/Device/ST/STM32F1xx/Include -I../Drivers/CMSIS/Include -O0 -ffunction-sections -fdata-sections -Wall -fstack-usage -fcyclomatic-complexity -MMD -MP -MF"Core/Src/stm32f1xx_hal_msp.d" -MT"Core/Src/stm32f1xx_hal_msp.o" --specs=nano.specs -mfloat-abi=soft -mthumb -o "Core/Src/stm32f1xx_hal_msp.o"
arm-none-eabi-gcc "../Core/Src/stm32f1xx_it.c" -mcpu=cortex-m3 -std=gnu11 -g3 -DDEBUG -DUSE_HAL_DRIVER -DSTM32F103xB -c -I../Core/Inc -I../Drivers/STM32F1xx_HAL_Driver/Inc/Legacy -I../Drivers/STM32F1xx_HAL_Driver/Inc -I../Drivers/CMSIS/Device/ST/STM32F1xx/Include -I../Drivers/CMSIS/Include -O0 -ffunction-sections -fdata-sections -Wall -fstack-usage -fcyclomatic-complexity -MMD -MP -MF"Core/Src/stm32f1xx_it.d" -MT"Core/Src/stm32f1xx_it.o" --specs=nano.specs -mfloat-abi=soft -mthumb -o "Core/Src/stm32f1xx_it.o"
../Core/Src/main.c: In function 'HAL_TIM_IC_CaptureCallback':
../Core/Src/main.c:236:25: error: 'a' undeclared (first use in this function)
  236 |                         a++;
      |                         ^
../Core/Src/main.c:236:25: note: each undeclared identifier is reported only once for each function it appears in
../Core/Src/main.c:240:25: error: 'b' undeclared (first use in this function)
  240 |                         b++;
      |                         ^
make: *** [Core/Src/subdir.mk:34: Core/Src/main.o] Error 1
make: *** Waiting for unfinished jobs....
"make -j8 all" terminated with exit code 2. Build might be incomplete.
09:14:37 **** Incremental Build of configuration Debug for project hmm ****
make -j8 all 
arm-none-eabi-gcc "../Core/Src/main.c" -mcpu=cortex-m3 -std=gnu11 -g3 -DDEBUG -DUSE_HAL_DRIVER -DSTM32F103xB -c -I../Core/Inc -I../Drivers/STM32F1xx_HAL_Driver/Inc/Legacy -I../Drivers/STM32F1xx_HAL_Driver/Inc -I../Drivers/CMSIS/Device/ST/STM32F1xx/Include -I../Drivers/CMSIS/Include -O0 -ffunction-sections -fdata-sections -Wall -fstack-usage -fcyclomatic-complexity -MMD -MP -MF"Core/Src/main.d" -MT"Core/Src/main.o" --specs=nano.specs -mfloat-abi=soft -mthumb -o "Core/Src/main.o"
arm-none-eabi-gcc "../Core/Src/syscalls.c" -mcpu=cortex-m3 -std=gnu11 -g3 -DDEBUG -DUSE_HAL_DRIVER -DSTM32F103xB -c -I../Core/Inc -I../Drivers/STM32F1xx_HAL_Driver/Inc/Legacy -I../Drivers/STM32F1xx_HAL_Driver/Inc -I../Drivers/CMSIS/Device/ST/STM32F1xx/Include -I../Drivers/CMSIS/Include -O0 -ffunction-sections -fdata-sections -Wall -fstack-usage -fcyclomatic-complexity -MMD -MP -MF"Core/Src/syscalls.d" -MT"Core/Src/syscalls.o" --specs=nano.specs -mfloat-abi=soft -mthumb -o "Core/Src/syscalls.o"
arm-none-eabi-gcc "../Core/Src/sysmem.c" -mcpu=cortex-m3 -std=gnu11 -g3 -DDEBUG -DUSE_HAL_DRIVER -DSTM32F103xB -c -I../Core/Inc -I../Drivers/STM32F1xx_HAL_Driver/Inc/Legacy -I../Drivers/STM32F1xx_HAL_Driver/Inc -I../Drivers/CMSIS/Device/ST/STM32F1xx/Include -I../Drivers/CMSIS/Include -O0 -ffunction-sections -fdata-sections -Wall -fstack-usage -fcyclomatic-complexity -MMD -MP -MF"Core/Src/sysmem.d" -MT"Core/Src/sysmem.o" --specs=nano.specs -mfloat-abi=soft -mthumb -o "Core/Src/sysmem.o"
arm-none-eabi-gcc "../Core/Src/system_stm32f1xx.c" -mcpu=cortex-m3 -std=gnu11 -g3 -DDEBUG -DUSE_HAL_DRIVER -DSTM32F103xB -c -I../Core/Inc -I../Drivers/STM32F1xx_HAL_Driver/Inc/Legacy -I../Drivers/STM32F1xx_HAL_Driver/Inc -I../Drivers/CMSIS/Device/ST/STM32F1xx/Include -I../Drivers/CMSIS/Include -O0 -ffunction-sections -fdata-sections -Wall -fstack-usage -fcyclomatic-complexity -MMD -MP -MF"Core/Src/system_stm32f1xx.d" -MT"Core/Src/system_stm32f1xx.o" --specs=nano.specs -mfloat-abi=soft -mthumb -o "Core/Src/system_stm32f1xx.o"
arm-none-eabi-gcc -o "hmm.elf" @"objects.list"   -mcpu=cortex-m3 -T"P:\Prj\SR04\hmm\STM32F103C8TX_FLASH.ld" --specs=nosys.specs -Wl,-Map="hmm.map" -Wl,--gc-sections -static --specs=nano.specs -mfloat-abi=soft -mthumb -Wl,--start-group -lc -lm -Wl,--end-group
Finished building target: hmm.elf
 
arm-none-eabi-size   hmm.elf 
arm-none-eabi-objdump -h -S  hmm.elf  > "hmm.list"
   text	   data	    bss	    dec	    hex	filename
  10512	     20	   1704	  12236	   2fcc	hmm.elf
Finished building: default.size.stdout
 
Finished building: hmm.list
 
09:14:47 **** Incremental Build of configuration Debug for project hmm ****
make -j8 all 
arm-none-eabi-size   hmm.elf 
   text	   data	    bss	    dec	    hex	filename
  10512	     20	   1704	  12236	   2fcc	hmm.elf
Finished building: default.size.stdout
 
09:18:55 **** Incremental Build of configuration Debug for project hmm ****
make -j8 all 
arm-none-eabi-size   hmm.elf 
   text	   data	    bss	    dec	    hex	filename
  10512	     20	   1704	  12236	   2fcc	hmm.elf
Finished building: default.size.stdout
 
09:20:05 **** Incremental Build of configuration Debug for project hmm ****
make -j8 all 
arm-none-eabi-size   hmm.elf 
   text	   data	    bss	    dec	    hex	filename
  10512	     20	   1704	  12236	   2fcc	hmm.elf
Finished building: default.size.stdout
 
09:20:32 **** Incremental Build of configuration Debug for project hmm ****
make -j8 all 
arm-none-eabi-size   hmm.elf 
   text	   data	    bss	    dec	    hex	filename
  10512	     20	   1704	  12236	   2fcc	hmm.elf
Finished building: default.size.stdout
 
09:20:37 **** Incremental Build of configuration Debug for project hmm ****
make -j8 all 
arm-none-eabi-size   hmm.elf 
   text	   data	    bss	    dec	    hex	filename
  10512	     20	   1704	  12236	   2fcc	hmm.elf
Finished building: default.size.stdout
 
09:21:55 **** Incremental Build of configuration Debug for project hmm ****
make -j8 all 
arm-none-eabi-size   hmm.elf 
   text	   data	    bss	    dec	    hex	filename
  10512	     20	   1704	  12236	   2fcc	hmm.elf
Finished building: default.size.stdout
 
09:30:06 **** Incremental Build of configuration Debug for project hmm ****
make -j8 all 
arm-none-eabi-gcc "../Core/Src/main.c" -mcpu=cortex-m3 -std=gnu11 -g3 -DDEBUG -DUSE_HAL_DRIVER -DSTM32F103xB -c -I../Core/Inc -I../Drivers/STM32F1xx_HAL_Driver/Inc/Legacy -I../Drivers/STM32F1xx_HAL_Driver/Inc -I../Drivers/CMSIS/Device/ST/STM32F1xx/Include -I../Drivers/CMSIS/Include -O0 -ffunction-sections -fdata-sections -Wall -fstack-usage -fcyclomatic-complexity -MMD -MP -MF"Core/Src/main.d" -MT"Core/Src/main.o" --specs=nano.specs -mfloat-abi=soft -mthumb -o "Core/Src/main.o"
arm-none-eabi-gcc -o "hmm.elf" @"objects.list"   -mcpu=cortex-m3 -T"P:\Prj\SR04\hmm\STM32F103C8TX_FLASH.ld" --specs=nosys.specs -Wl,-Map="hmm.map" -Wl,--gc-sections -static --specs=nano.specs -mfloat-abi=soft -mthumb -Wl,--start-group -lc -lm -Wl,--end-group
Finished building target: hmm.elf
 
arm-none-eabi-size   hmm.elf 
arm-none-eabi-objdump -h -S  hmm.elf  > "hmm.list"
   text	   data	    bss	    dec	    hex	filename
  10524	     20	   1704	  12248	   2fd8	hmm.elf
Finished building: default.size.stdout
 
Finished building: hmm.list
 
09:32:16 **** Incremental Build of configuration Debug for project hmm ****
make -j8 all 
arm-none-eabi-gcc "../Core/Src/main.c" -mcpu=cortex-m3 -std=gnu11 -g3 -DDEBUG -DUSE_HAL_DRIVER -DSTM32F103xB -c -I../Core/Inc -I../Drivers/STM32F1xx_HAL_Driver/Inc/Legacy -I../Drivers/STM32F1xx_HAL_Driver/Inc -I../Drivers/CMSIS/Device/ST/STM32F1xx/Include -I../Drivers/CMSIS/Include -O0 -ffunction-sections -fdata-sections -Wall -fstack-usage -fcyclomatic-complexity -MMD -MP -MF"Core/Src/main.d" -MT"Core/Src/main.o" --specs=nano.specs -mfloat-abi=soft -mthumb -o "Core/Src/main.o"
arm-none-eabi-gcc -o "hmm.elf" @"objects.list"   -mcpu=cortex-m3 -T"P:\Prj\SR04\hmm\STM32F103C8TX_FLASH.ld" --specs=nosys.specs -Wl,-Map="hmm.map" -Wl,--gc-sections -static --specs=nano.specs -mfloat-abi=soft -mthumb -Wl,--start-group -lc -lm -Wl,--end-group
Finished building target: hmm.elf
 
arm-none-eabi-size   hmm.elf 
arm-none-eabi-objdump -h -S  hmm.elf  > "hmm.list"
   text	   data	    bss	    dec	    hex	filename
  10520	     20	   1704	  12244	   2fd4	hmm.elf
Finished building: default.size.stdout
 
Finished building: hmm.list
 
09:37:34 **** Incremental Build of configuration Debug for project hmm ****
make -j8 all 
arm-none-eabi-size   hmm.elf 
   text	   data	    bss	    dec	    hex	filename
  10520	     20	   1704	  12244	   2fd4	hmm.elf
Finished building: default.size.stdout
 
09:39:32 **** Incremental Build of configuration Debug for project hmm ****
make -j8 all 
arm-none-eabi-gcc "../Core/Src/main.c" -mcpu=cortex-m3 -std=gnu11 -g3 -DDEBUG -DUSE_HAL_DRIVER -DSTM32F103xB -c -I../Core/Inc -I../Drivers/STM32F1xx_HAL_Driver/Inc/Legacy -I../Drivers/STM32F1xx_HAL_Driver/Inc -I../Drivers/CMSIS/Device/ST/STM32F1xx/Include -I../Drivers/CMSIS/Include -O0 -ffunction-sections -fdata-sections -Wall -fstack-usage -fcyclomatic-complexity -MMD -MP -MF"Core/Src/main.d" -MT"Core/Src/main.o" --specs=nano.specs -mfloat-abi=soft -mthumb -o "Core/Src/main.o"
arm-none-eabi-gcc -o "hmm.elf" @"objects.list"   -mcpu=cortex-m3 -T"P:\Prj\SR04\hmm\STM32F103C8TX_FLASH.ld" --specs=nosys.specs -Wl,-Map="hmm.map" -Wl,--gc-sections -static --specs=nano.specs -mfloat-abi=soft -mthumb -Wl,--start-group -lc -lm -Wl,--end-group
Finished building target: hmm.elf
 
arm-none-eabi-size   hmm.elf 
arm-none-eabi-objdump -h -S  hmm.elf  > "hmm.list"
   text	   data	    bss	    dec	    hex	filename
  10520	     20	   1704	  12244	   2fd4	hmm.elf
Finished building: default.size.stdout
 
Finished building: hmm.list
 
09:40:27 **** Incremental Build of configuration Debug for project hmm ****
make -j8 all 
arm-none-eabi-gcc "../Core/Src/main.c" -mcpu=cortex-m3 -std=gnu11 -g3 -DDEBUG -DUSE_HAL_DRIVER -DSTM32F103xB -c -I../Core/Inc -I../Drivers/STM32F1xx_HAL_Driver/Inc/Legacy -I../Drivers/STM32F1xx_HAL_Driver/Inc -I../Drivers/CMSIS/Device/ST/STM32F1xx/Include -I../Drivers/CMSIS/Include -O0 -ffunction-sections -fdata-sections -Wall -fstack-usage -fcyclomatic-complexity -MMD -MP -MF"Core/Src/main.d" -MT"Core/Src/main.o" --specs=nano.specs -mfloat-abi=soft -mthumb -o "Core/Src/main.o"
arm-none-eabi-gcc -o "hmm.elf" @"objects.list"   -mcpu=cortex-m3 -T"P:\Prj\SR04\hmm\STM32F103C8TX_FLASH.ld" --specs=nosys.specs -Wl,-Map="hmm.map" -Wl,--gc-sections -static --specs=nano.specs -mfloat-abi=soft -mthumb -Wl,--start-group -lc -lm -Wl,--end-group
Finished building target: hmm.elf
 
arm-none-eabi-size   hmm.elf 
arm-none-eabi-objdump -h -S  hmm.elf  > "hmm.list"
   text	   data	    bss	    dec	    hex	filename
  10520	     20	   1704	  12244	   2fd4	hmm.elf
Finished building: default.size.stdout
 
Finished building: hmm.list
 
10:53:13 **** Incremental Build of configuration Debug for project hmm ****
make -j8 all 
arm-none-eabi-gcc "../Core/Src/main.c" -mcpu=cortex-m3 -std=gnu11 -g3 -DDEBUG -DUSE_HAL_DRIVER -DSTM32F103xB -c -I../Core/Inc -I../Drivers/STM32F1xx_HAL_Driver/Inc/Legacy -I../Drivers/STM32F1xx_HAL_Driver/Inc -I../Drivers/CMSIS/Device/ST/STM32F1xx/Include -I../Drivers/CMSIS/Include -O0 -ffunction-sections -fdata-sections -Wall -fstack-usage -fcyclomatic-complexity -MMD -MP -MF"Core/Src/main.d" -MT"Core/Src/main.o" --specs=nano.specs -mfloat-abi=soft -mthumb -o "Core/Src/main.o"
arm-none-eabi-gcc -o "hmm.elf" @"objects.list"   -mcpu=cortex-m3 -T"P:\Prj\SR04\hmm\STM32F103C8TX_FLASH.ld" --specs=nosys.specs -Wl,-Map="hmm.map" -Wl,--gc-sections -static --specs=nano.specs -mfloat-abi=soft -mthumb -Wl,--start-group -lc -lm -Wl,--end-group
Finished building target: hmm.elf
 
arm-none-eabi-size   hmm.elf 
arm-none-eabi-objdump -h -S  hmm.elf  > "hmm.list"
   text	   data	    bss	    dec	    hex	filename
  10520	     20	   1704	  12244	   2fd4	hmm.elf
Finished building: default.size.stdout
 
Finished building: hmm.list
 
10:54:05 **** Incremental Build of configuration Debug for project hmm ****
make -j8 all 
arm-none-eabi-gcc "../Core/Src/main.c" -mcpu=cortex-m3 -std=gnu11 -g3 -DDEBUG -DUSE_HAL_DRIVER -DSTM32F103xB -c -I../Core/Inc -I../Drivers/STM32F1xx_HAL_Driver/Inc/Legacy -I../Drivers/STM32F1xx_HAL_Driver/Inc -I../Drivers/CMSIS/Device/ST/STM32F1xx/Include -I../Drivers/CMSIS/Include -O0 -ffunction-sections -fdata-sections -Wall -fstack-usage -fcyclomatic-complexity -MMD -MP -MF"Core/Src/main.d" -MT"Core/Src/main.o" --specs=nano.specs -mfloat-abi=soft -mthumb -o "Core/Src/main.o"
arm-none-eabi-gcc -o "hmm.elf" @"objects.list"   -mcpu=cortex-m3 -T"P:\Prj\SR04\hmm\STM32F103C8TX_FLASH.ld" --specs=nosys.specs -Wl,-Map="hmm.map" -Wl,--gc-sections -static --specs=nano.specs -mfloat-abi=soft -mthumb -Wl,--start-group -lc -lm -Wl,--end-group
Finished building target: hmm.elf
 
arm-none-eabi-size   hmm.elf 
arm-none-eabi-objdump -h -S  hmm.elf  > "hmm.list"
   text	   data	    bss	    dec	    hex	filename
  10520	     20	   1704	  12244	   2fd4	hmm.elf
Finished building: default.size.stdout
 
Finished building: hmm.list
 
10:57:40 **** Incremental Build of configuration Debug for project hmm ****
make -j8 all 
arm-none-eabi-gcc "../Core/Src/main.c" -mcpu=cortex-m3 -std=gnu11 -g3 -DDEBUG -DUSE_HAL_DRIVER -DSTM32F103xB -c -I../Core/Inc -I../Drivers/STM32F1xx_HAL_Driver/Inc/Legacy -I../Drivers/STM32F1xx_HAL_Driver/Inc -I../Drivers/CMSIS/Device/ST/STM32F1xx/Include -I../Drivers/CMSIS/Include -O0 -ffunction-sections -fdata-sections -Wall -fstack-usage -fcyclomatic-complexity -MMD -MP -MF"Core/Src/main.d" -MT"Core/Src/main.o" --specs=nano.specs -mfloat-abi=soft -mthumb -o "Core/Src/main.o"
arm-none-eabi-gcc -o "hmm.elf" @"objects.list"   -mcpu=cortex-m3 -T"P:\Prj\SR04\hmm\STM32F103C8TX_FLASH.ld" --specs=nosys.specs -Wl,-Map="hmm.map" -Wl,--gc-sections -static --specs=nano.specs -mfloat-abi=soft -mthumb -Wl,--start-group -lc -lm -Wl,--end-group
Finished building target: hmm.elf
 
arm-none-eabi-size   hmm.elf 
arm-none-eabi-objdump -h -S  hmm.elf  > "hmm.list"
   text	   data	    bss	    dec	    hex	filename
  10516	     20	   1704	  12240	   2fd0	hmm.elf
Finished building: default.size.stdout
 
Finished building: hmm.list
 
10:58:20 **** Incremental Build of configuration Debug for project hmm ****
make -j8 all 
arm-none-eabi-gcc "../Core/Src/main.c" -mcpu=cortex-m3 -std=gnu11 -g3 -DDEBUG -DUSE_HAL_DRIVER -DSTM32F103xB -c -I../Core/Inc -I../Drivers/STM32F1xx_HAL_Driver/Inc/Legacy -I../Drivers/STM32F1xx_HAL_Driver/Inc -I../Drivers/CMSIS/Device/ST/STM32F1xx/Include -I../Drivers/CMSIS/Include -O0 -ffunction-sections -fdata-sections -Wall -fstack-usage -fcyclomatic-complexity -MMD -MP -MF"Core/Src/main.d" -MT"Core/Src/main.o" --specs=nano.specs -mfloat-abi=soft -mthumb -o "Core/Src/main.o"
arm-none-eabi-gcc -o "hmm.elf" @"objects.list"   -mcpu=cortex-m3 -T"P:\Prj\SR04\hmm\STM32F103C8TX_FLASH.ld" --specs=nosys.specs -Wl,-Map="hmm.map" -Wl,--gc-sections -static --specs=nano.specs -mfloat-abi=soft -mthumb -Wl,--start-group -lc -lm -Wl,--end-group
Finished building target: hmm.elf
 
arm-none-eabi-size   hmm.elf 
arm-none-eabi-objdump -h -S  hmm.elf  > "hmm.list"
   text	   data	    bss	    dec	    hex	filename
  10508	     20	   1704	  12232	   2fc8	hmm.elf
Finished building: default.size.stdout
 
Finished building: hmm.list
 
10:59:01 **** Incremental Build of configuration Debug for project hmm ****
make -j8 all 
arm-none-eabi-gcc "../Core/Src/main.c" -mcpu=cortex-m3 -std=gnu11 -g3 -DDEBUG -DUSE_HAL_DRIVER -DSTM32F103xB -c -I../Core/Inc -I../Drivers/STM32F1xx_HAL_Driver/Inc/Legacy -I../Drivers/STM32F1xx_HAL_Driver/Inc -I../Drivers/CMSIS/Device/ST/STM32F1xx/Include -I../Drivers/CMSIS/Include -O0 -ffunction-sections -fdata-sections -Wall -fstack-usage -fcyclomatic-complexity -MMD -MP -MF"Core/Src/main.d" -MT"Core/Src/main.o" --specs=nano.specs -mfloat-abi=soft -mthumb -o "Core/Src/main.o"
arm-none-eabi-gcc -o "hmm.elf" @"objects.list"   -mcpu=cortex-m3 -T"P:\Prj\SR04\hmm\STM32F103C8TX_FLASH.ld" --specs=nosys.specs -Wl,-Map="hmm.map" -Wl,--gc-sections -static --specs=nano.specs -mfloat-abi=soft -mthumb -Wl,--start-group -lc -lm -Wl,--end-group
Finished building target: hmm.elf
 
arm-none-eabi-size   hmm.elf 
arm-none-eabi-objdump -h -S  hmm.elf  > "hmm.list"
   text	   data	    bss	    dec	    hex	filename
  10516	     20	   1704	  12240	   2fd0	hmm.elf
Finished building: default.size.stdout
 
Finished building: hmm.list
 
11:01:55 **** Incremental Build of configuration Debug for project hmm ****
make -j8 all 
arm-none-eabi-gcc "../Core/Src/main.c" -mcpu=cortex-m3 -std=gnu11 -g3 -DDEBUG -DUSE_HAL_DRIVER -DSTM32F103xB -c -I../Core/Inc -I../Drivers/STM32F1xx_HAL_Driver/Inc/Legacy -I../Drivers/STM32F1xx_HAL_Driver/Inc -I../Drivers/CMSIS/Device/ST/STM32F1xx/Include -I../Drivers/CMSIS/Include -O0 -ffunction-sections -fdata-sections -Wall -fstack-usage -fcyclomatic-complexity -MMD -MP -MF"Core/Src/main.d" -MT"Core/Src/main.o" --specs=nano.specs -mfloat-abi=soft -mthumb -o "Core/Src/main.o"
arm-none-eabi-gcc -o "hmm.elf" @"objects.list"   -mcpu=cortex-m3 -T"P:\Prj\SR04\hmm\STM32F103C8TX_FLASH.ld" --specs=nosys.specs -Wl,-Map="hmm.map" -Wl,--gc-sections -static --specs=nano.specs -mfloat-abi=soft -mthumb -Wl,--start-group -lc -lm -Wl,--end-group
Finished building target: hmm.elf
 
arm-none-eabi-size   hmm.elf 
arm-none-eabi-objdump -h -S  hmm.elf  > "hmm.list"
   text	   data	    bss	    dec	    hex	filename
  10520	     20	   1704	  12244	   2fd4	hmm.elf
Finished building: default.size.stdout
 
Finished building: hmm.list
 
11:03:41 **** Incremental Build of configuration Debug for project hmm ****
make -j8 all 
arm-none-eabi-gcc "../Core/Src/main.c" -mcpu=cortex-m3 -std=gnu11 -g3 -DDEBUG -DUSE_HAL_DRIVER -DSTM32F103xB -c -I../Core/Inc -I../Drivers/STM32F1xx_HAL_Driver/Inc/Legacy -I../Drivers/STM32F1xx_HAL_Driver/Inc -I../Drivers/CMSIS/Device/ST/STM32F1xx/Include -I../Drivers/CMSIS/Include -O0 -ffunction-sections -fdata-sections -Wall -fstack-usage -fcyclomatic-complexity -MMD -MP -MF"Core/Src/main.d" -MT"Core/Src/main.o" --specs=nano.specs -mfloat-abi=soft -mthumb -o "Core/Src/main.o"
arm-none-eabi-gcc -o "hmm.elf" @"objects.list"   -mcpu=cortex-m3 -T"P:\Prj\SR04\hmm\STM32F103C8TX_FLASH.ld" --specs=nosys.specs -Wl,-Map="hmm.map" -Wl,--gc-sections -static --specs=nano.specs -mfloat-abi=soft -mthumb -Wl,--start-group -lc -lm -Wl,--end-group
Finished building target: hmm.elf
 
arm-none-eabi-size   hmm.elf 
arm-none-eabi-objdump -h -S  hmm.elf  > "hmm.list"
   text	   data	    bss	    dec	    hex	filename
  10516	     20	   1704	  12240	   2fd0	hmm.elf
Finished building: default.size.stdout
 
Finished building: hmm.list
 
11:04:26 **** Incremental Build of configuration Debug for project hmm ****
make -j8 all 
arm-none-eabi-gcc "../Core/Src/main.c" -mcpu=cortex-m3 -std=gnu11 -g3 -DDEBUG -DUSE_HAL_DRIVER -DSTM32F103xB -c -I../Core/Inc -I../Drivers/STM32F1xx_HAL_Driver/Inc/Legacy -I../Drivers/STM32F1xx_HAL_Driver/Inc -I../Drivers/CMSIS/Device/ST/STM32F1xx/Include -I../Drivers/CMSIS/Include -O0 -ffunction-sections -fdata-sections -Wall -fstack-usage -fcyclomatic-complexity -MMD -MP -MF"Core/Src/main.d" -MT"Core/Src/main.o" --specs=nano.specs -mfloat-abi=soft -mthumb -o "Core/Src/main.o"
arm-none-eabi-gcc -o "hmm.elf" @"objects.list"   -mcpu=cortex-m3 -T"P:\Prj\SR04\hmm\STM32F103C8TX_FLASH.ld" --specs=nosys.specs -Wl,-Map="hmm.map" -Wl,--gc-sections -static --specs=nano.specs -mfloat-abi=soft -mthumb -Wl,--start-group -lc -lm -Wl,--end-group
Finished building target: hmm.elf
 
arm-none-eabi-size   hmm.elf 
arm-none-eabi-objdump -h -S  hmm.elf  > "hmm.list"
   text	   data	    bss	    dec	    hex	filename
  10516	     20	   1704	  12240	   2fd0	hmm.elf
Finished building: default.size.stdout
 
Finished building: hmm.list
 
11:08:34 **** Incremental Build of configuration Debug for project hmm ****
make -j8 all 
arm-none-eabi-size   hmm.elf 
   text	   data	    bss	    dec	    hex	filename
  10516	     20	   1704	  12240	   2fd0	hmm.elf
Finished building: default.size.stdout
 
11:11:15 **** Incremental Build of configuration Debug for project hmm ****
make -j8 all 
arm-none-eabi-gcc "../Core/Src/main.c" -mcpu=cortex-m3 -std=gnu11 -g3 -DDEBUG -DUSE_HAL_DRIVER -DSTM32F103xB -c -I../Core/Inc -I../Drivers/STM32F1xx_HAL_Driver/Inc/Legacy -I../Drivers/STM32F1xx_HAL_Driver/Inc -I../Drivers/CMSIS/Device/ST/STM32F1xx/Include -I../Drivers/CMSIS/Include -O0 -ffunction-sections -fdata-sections -Wall -fstack-usage -fcyclomatic-complexity -MMD -MP -MF"Core/Src/main.d" -MT"Core/Src/main.o" --specs=nano.specs -mfloat-abi=soft -mthumb -o "Core/Src/main.o"
arm-none-eabi-gcc -o "hmm.elf" @"objects.list"   -mcpu=cortex-m3 -T"P:\Prj\SR04\hmm\STM32F103C8TX_FLASH.ld" --specs=nosys.specs -Wl,-Map="hmm.map" -Wl,--gc-sections -static --specs=nano.specs -mfloat-abi=soft -mthumb -Wl,--start-group -lc -lm -Wl,--end-group
Finished building target: hmm.elf
 
arm-none-eabi-size   hmm.elf 
arm-none-eabi-objdump -h -S  hmm.elf  > "hmm.list"
   text	   data	    bss	    dec	    hex	filename
  10552	     20	   1704	  12276	   2ff4	hmm.elf
Finished building: default.size.stdout
 
Finished building: hmm.list
 
11:44:47 **** Incremental Build of configuration Debug for project hmm ****
make -j8 all 
arm-none-eabi-gcc "../Core/Src/main.c" -mcpu=cortex-m3 -std=gnu11 -g3 -DDEBUG -DUSE_HAL_DRIVER -DSTM32F103xB -c -I../Core/Inc -I../Drivers/STM32F1xx_HAL_Driver/Inc/Legacy -I../Drivers/STM32F1xx_HAL_Driver/Inc -I../Drivers/CMSIS/Device/ST/STM32F1xx/Include -I../Drivers/CMSIS/Include -O0 -ffunction-sections -fdata-sections -Wall -fstack-usage -fcyclomatic-complexity -MMD -MP -MF"Core/Src/main.d" -MT"Core/Src/main.o" --specs=nano.specs -mfloat-abi=soft -mthumb -o "Core/Src/main.o"
arm-none-eabi-gcc -o "hmm.elf" @"objects.list"   -mcpu=cortex-m3 -T"P:\Prj\SR04\hmm\STM32F103C8TX_FLASH.ld" --specs=nosys.specs -Wl,-Map="hmm.map" -Wl,--gc-sections -static --specs=nano.specs -mfloat-abi=soft -mthumb -Wl,--start-group -lc -lm -Wl,--end-group
Finished building target: hmm.elf
 
arm-none-eabi-size   hmm.elf 
arm-none-eabi-objdump -h -S  hmm.elf  > "hmm.list"
   text	   data	    bss	    dec	    hex	filename
  10576	     20	   1704	  12300	   300c	hmm.elf
Finished building: default.size.stdout
 
Finished building: hmm.list
 
11:47:00 **** Incremental Build of configuration Debug for project hmm ****
make -j8 all 
arm-none-eabi-gcc "../Core/Src/main.c" -mcpu=cortex-m3 -std=gnu11 -g3 -DDEBUG -DUSE_HAL_DRIVER -DSTM32F103xB -c -I../Core/Inc -I../Drivers/STM32F1xx_HAL_Driver/Inc/Legacy -I../Drivers/STM32F1xx_HAL_Driver/Inc -I../Drivers/CMSIS/Device/ST/STM32F1xx/Include -I../Drivers/CMSIS/Include -O0 -ffunction-sections -fdata-sections -Wall -fstack-usage -fcyclomatic-complexity -MMD -MP -MF"Core/Src/main.d" -MT"Core/Src/main.o" --specs=nano.specs -mfloat-abi=soft -mthumb -o "Core/Src/main.o"
arm-none-eabi-gcc -o "hmm.elf" @"objects.list"   -mcpu=cortex-m3 -T"P:\Prj\SR04\hmm\STM32F103C8TX_FLASH.ld" --specs=nosys.specs -Wl,-Map="hmm.map" -Wl,--gc-sections -static --specs=nano.specs -mfloat-abi=soft -mthumb -Wl,--start-group -lc -lm -Wl,--end-group
Finished building target: hmm.elf
 
arm-none-eabi-size   hmm.elf 
arm-none-eabi-objdump -h -S  hmm.elf  > "hmm.list"
   text	   data	    bss	    dec	    hex	filename
  10672	     20	   1696	  12388	   3064	hmm.elf
Finished building: default.size.stdout
 
Finished building: hmm.list
 
11:48:06 **** Incremental Build of configuration Debug for project hmm ****
make -j8 all 
arm-none-eabi-gcc "../Core/Src/stm32f1xx_hal_msp.c" -mcpu=cortex-m3 -std=gnu11 -g3 -DDEBUG -DUSE_HAL_DRIVER -DSTM32F103xB -c -I../Core/Inc -I../Drivers/STM32F1xx_HAL_Driver/Inc/Legacy -I../Drivers/STM32F1xx_HAL_Driver/Inc -I../Drivers/CMSIS/Device/ST/STM32F1xx/Include -I../Drivers/CMSIS/Include -O0 -ffunction-sections -fdata-sections -Wall -fstack-usage -fcyclomatic-complexity -MMD -MP -MF"Core/Src/stm32f1xx_hal_msp.d" -MT"Core/Src/stm32f1xx_hal_msp.o" --specs=nano.specs -mfloat-abi=soft -mthumb -o "Core/Src/stm32f1xx_hal_msp.o"
arm-none-eabi-gcc -o "hmm.elf" @"objects.list"   -mcpu=cortex-m3 -T"P:\Prj\SR04\hmm\STM32F103C8TX_FLASH.ld" --specs=nosys.specs -Wl,-Map="hmm.map" -Wl,--gc-sections -static --specs=nano.specs -mfloat-abi=soft -mthumb -Wl,--start-group -lc -lm -Wl,--end-group
Finished building target: hmm.elf
 
arm-none-eabi-size   hmm.elf 
arm-none-eabi-objdump -h -S  hmm.elf  > "hmm.list"
   text	   data	    bss	    dec	    hex	filename
  10672	     20	   1696	  12388	   3064	hmm.elf
Finished building: default.size.stdout
 
Finished building: hmm.list
 
11:50:36 **** Incremental Build of configuration Debug for project hmm ****
make -j8 all 
arm-none-eabi-gcc "../Core/Src/main.c" -mcpu=cortex-m3 -std=gnu11 -g3 -DDEBUG -DUSE_HAL_DRIVER -DSTM32F103xB -c -I../Core/Inc -I../Drivers/STM32F1xx_HAL_Driver/Inc/Legacy -I../Drivers/STM32F1xx_HAL_Driver/Inc -I../Drivers/CMSIS/Device/ST/STM32F1xx/Include -I../Drivers/CMSIS/Include -O0 -ffunction-sections -fdata-sections -Wall -fstack-usage -fcyclomatic-complexity -MMD -MP -MF"Core/Src/main.d" -MT"Core/Src/main.o" --specs=nano.specs -mfloat-abi=soft -mthumb -o "Core/Src/main.o"
arm-none-eabi-gcc "../Core/Src/stm32f1xx_hal_msp.c" -mcpu=cortex-m3 -std=gnu11 -g3 -DDEBUG -DUSE_HAL_DRIVER -DSTM32F103xB -c -I../Core/Inc -I../Drivers/STM32F1xx_HAL_Driver/Inc/Legacy -I../Drivers/STM32F1xx_HAL_Driver/Inc -I../Drivers/CMSIS/Device/ST/STM32F1xx/Include -I../Drivers/CMSIS/Include -O0 -ffunction-sections -fdata-sections -Wall -fstack-usage -fcyclomatic-complexity -MMD -MP -MF"Core/Src/stm32f1xx_hal_msp.d" -MT"Core/Src/stm32f1xx_hal_msp.o" --specs=nano.specs -mfloat-abi=soft -mthumb -o "Core/Src/stm32f1xx_hal_msp.o"
arm-none-eabi-gcc "../Core/Src/stm32f1xx_it.c" -mcpu=cortex-m3 -std=gnu11 -g3 -DDEBUG -DUSE_HAL_DRIVER -DSTM32F103xB -c -I../Core/Inc -I../Drivers/STM32F1xx_HAL_Driver/Inc/Legacy -I../Drivers/STM32F1xx_HAL_Driver/Inc -I../Drivers/CMSIS/Device/ST/STM32F1xx/Include -I../Drivers/CMSIS/Include -O0 -ffunction-sections -fdata-sections -Wall -fstack-usage -fcyclomatic-complexity -MMD -MP -MF"Core/Src/stm32f1xx_it.d" -MT"Core/Src/stm32f1xx_it.o" --specs=nano.specs -mfloat-abi=soft -mthumb -o "Core/Src/stm32f1xx_it.o"
arm-none-eabi-gcc -o "hmm.elf" @"objects.list"   -mcpu=cortex-m3 -T"P:\Prj\SR04\hmm\STM32F103C8TX_FLASH.ld" --specs=nosys.specs -Wl,-Map="hmm.map" -Wl,--gc-sections -static --specs=nano.specs -mfloat-abi=soft -mthumb -Wl,--start-group -lc -lm -Wl,--end-group
Finished building target: hmm.elf
 
arm-none-eabi-size   hmm.elf 
arm-none-eabi-objdump -h -S  hmm.elf  > "hmm.list"
   text	   data	    bss	    dec	    hex	filename
  10964	     20	   1768	  12752	   31d0	hmm.elf
Finished building: default.size.stdout
 
Finished building: hmm.list
 
11:51:29 **** Incremental Build of configuration Debug for project hmm ****
make -j8 all 
arm-none-eabi-size   hmm.elf 
   text	   data	    bss	    dec	    hex	filename
  10964	     20	   1768	  12752	   31d0	hmm.elf
Finished building: default.size.stdout
 
11:53:00 **** Incremental Build of configuration Debug for project hmm ****
make -j8 all 
arm-none-eabi-gcc "../Core/Src/main.c" -mcpu=cortex-m3 -std=gnu11 -g3 -DDEBUG -DUSE_HAL_DRIVER -DSTM32F103xB -c -I../Core/Inc -I../Drivers/STM32F1xx_HAL_Driver/Inc/Legacy -I../Drivers/STM32F1xx_HAL_Driver/Inc -I../Drivers/CMSIS/Device/ST/STM32F1xx/Include -I../Drivers/CMSIS/Include -O0 -ffunction-sections -fdata-sections -Wall -fstack-usage -fcyclomatic-complexity -MMD -MP -MF"Core/Src/main.d" -MT"Core/Src/main.o" --specs=nano.specs -mfloat-abi=soft -mthumb -o "Core/Src/main.o"
arm-none-eabi-gcc "../Core/Src/stm32f1xx_hal_msp.c" -mcpu=cortex-m3 -std=gnu11 -g3 -DDEBUG -DUSE_HAL_DRIVER -DSTM32F103xB -c -I../Core/Inc -I../Drivers/STM32F1xx_HAL_Driver/Inc/Legacy -I../Drivers/STM32F1xx_HAL_Driver/Inc -I../Drivers/CMSIS/Device/ST/STM32F1xx/Include -I../Drivers/CMSIS/Include -O0 -ffunction-sections -fdata-sections -Wall -fstack-usage -fcyclomatic-complexity -MMD -MP -MF"Core/Src/stm32f1xx_hal_msp.d" -MT"Core/Src/stm32f1xx_hal_msp.o" --specs=nano.specs -mfloat-abi=soft -mthumb -o "Core/Src/stm32f1xx_hal_msp.o"
arm-none-eabi-gcc "../Core/Src/stm32f1xx_it.c" -mcpu=cortex-m3 -std=gnu11 -g3 -DDEBUG -DUSE_HAL_DRIVER -DSTM32F103xB -c -I../Core/Inc -I../Drivers/STM32F1xx_HAL_Driver/Inc/Legacy -I../Drivers/STM32F1xx_HAL_Driver/Inc -I../Drivers/CMSIS/Device/ST/STM32F1xx/Include -I../Drivers/CMSIS/Include -O0 -ffunction-sections -fdata-sections -Wall -fstack-usage -fcyclomatic-complexity -MMD -MP -MF"Core/Src/stm32f1xx_it.d" -MT"Core/Src/stm32f1xx_it.o" --specs=nano.specs -mfloat-abi=soft -mthumb -o "Core/Src/stm32f1xx_it.o"
In file included from ../Core/Inc/stm32f1xx_hal_conf.h:334,
                 from ../Drivers/STM32F1xx_HAL_Driver/Inc/stm32f1xx_hal.h:29,
                 from ../Core/Inc/main.h:30,
                 from ../Core/Src/main.c:20:
../Core/Src/main.c: In function 'HAL_TIM_IC_CaptureCallback':
../Core/Src/main.c:90:47: error: 'htim1' undeclared (first use in this function); did you mean 'htim'?
   90 |                         __HAL_TIM_DISABLE_IT(&htim1, TIM_IT_CC1);
      |                                               ^~~~~
../Drivers/STM32F1xx_HAL_Driver/Inc/stm32f1xx_hal_tim.h:1154:61: note: in definition of macro '__HAL_TIM_DISABLE_IT'
 1154 | #define __HAL_TIM_DISABLE_IT(__HANDLE__, __INTERRUPT__)   ((__HANDLE__)->Instance->DIER &= ~(__INTERRUPT__))
      |                                                             ^~~~~~~~~~
../Core/Src/main.c:90:47: note: each undeclared identifier is reported only once for each function it appears in
   90 |                         __HAL_TIM_DISABLE_IT(&htim1, TIM_IT_CC1);
      |                                               ^~~~~
../Drivers/STM32F1xx_HAL_Driver/Inc/stm32f1xx_hal_tim.h:1154:61: note: in definition of macro '__HAL_TIM_DISABLE_IT'
 1154 | #define __HAL_TIM_DISABLE_IT(__HANDLE__, __INTERRUPT__)   ((__HANDLE__)->Instance->DIER &= ~(__INTERRUPT__))
      |                                                             ^~~~~~~~~~
../Core/Src/main.c: In function 'main':
../Core/Src/main.c:142:32: error: 'htim1' undeclared (first use in this function); did you mean 'htim2'?
  142 |           __HAL_TIM_ENABLE_IT(&htim1, TIM_IT_CC1);
      |                                ^~~~~
../Drivers/STM32F1xx_HAL_Driver/Inc/stm32f1xx_hal_tim.h:1138:61: note: in definition of macro '__HAL_TIM_ENABLE_IT'
 1138 | #define __HAL_TIM_ENABLE_IT(__HANDLE__, __INTERRUPT__)    ((__HANDLE__)->Instance->DIER |= (__INTERRUPT__))
      |                                                             ^~~~~~~~~~
make: *** [Core/Src/subdir.mk:34: Core/Src/main.o] Error 1
make: *** Waiting for unfinished jobs....
"make -j8 all" terminated with exit code 2. Build might be incomplete.
11:53:22 **** Incremental Build of configuration Debug for project hmm ****
make -j8 all 
arm-none-eabi-gcc "../Core/Src/main.c" -mcpu=cortex-m3 -std=gnu11 -g3 -DDEBUG -DUSE_HAL_DRIVER -DSTM32F103xB -c -I../Core/Inc -I../Drivers/STM32F1xx_HAL_Driver/Inc/Legacy -I../Drivers/STM32F1xx_HAL_Driver/Inc -I../Drivers/CMSIS/Device/ST/STM32F1xx/Include -I../Drivers/CMSIS/Include -O0 -ffunction-sections -fdata-sections -Wall -fstack-usage -fcyclomatic-complexity -MMD -MP -MF"Core/Src/main.d" -MT"Core/Src/main.o" --specs=nano.specs -mfloat-abi=soft -mthumb -o "Core/Src/main.o"
arm-none-eabi-gcc -o "hmm.elf" @"objects.list"   -mcpu=cortex-m3 -T"P:\Prj\SR04\hmm\STM32F103C8TX_FLASH.ld" --specs=nosys.specs -Wl,-Map="hmm.map" -Wl,--gc-sections -static --specs=nano.specs -mfloat-abi=soft -mthumb -Wl,--start-group -lc -lm -Wl,--end-group
Finished building target: hmm.elf
 
arm-none-eabi-size   hmm.elf 
arm-none-eabi-objdump -h -S  hmm.elf  > "hmm.list"
   text	   data	    bss	    dec	    hex	filename
  10656	     20	   1696	  12372	   3054	hmm.elf
Finished building: default.size.stdout
 
Finished building: hmm.list
 
11:54:20 **** Incremental Build of configuration Debug for project hmm ****
make -j8 all 
arm-none-eabi-size   hmm.elf 
   text	   data	    bss	    dec	    hex	filename
  10656	     20	   1696	  12372	   3054	hmm.elf
Finished building: default.size.stdout
 
11:54:41 **** Incremental Build of configuration Debug for project hmm ****
make -j8 all 
arm-none-eabi-size   hmm.elf 
   text	   data	    bss	    dec	    hex	filename
  10656	     20	   1696	  12372	   3054	hmm.elf
Finished building: default.size.stdout
 
11:55:06 **** Incremental Build of configuration Debug for project hmm ****
make -j8 all 
arm-none-eabi-size   hmm.elf 
   text	   data	    bss	    dec	    hex	filename
  10656	     20	   1696	  12372	   3054	hmm.elf
Finished building: default.size.stdout
 
16:04:19 **** Build of configuration Debug for project hmm ****
make -j8 all 
arm-none-eabi-size   hmm.elf 
   text	   data	    bss	    dec	    hex	filename
  10656	     20	   1696	  12372	   3054	hmm.elf
Finished building: default.size.stdout
 
16:07:12 **** Incremental Build of configuration Debug for project hmm ****
make -j8 all 
arm-none-eabi-size   hmm.elf 
   text	   data	    bss	    dec	    hex	filename
  10656	     20	   1696	  12372	   3054	hmm.elf
Finished building: default.size.stdout
 
16:08:00 **** Incremental Build of configuration Debug for project hmm ****
make -j8 all 
arm-none-eabi-size   hmm.elf 
   text	   data	    bss	    dec	    hex	filename
  10656	     20	   1696	  12372	   3054	hmm.elf
Finished building: default.size.stdout
 
17:30:03 **** Incremental Build of configuration Debug for project hmm ****
make -j8 all 
arm-none-eabi-gcc "../Drivers/STM32F1xx_HAL_Driver/Src/stm32f1xx_hal.c" -mcpu=cortex-m3 -std=gnu11 -g3 -DDEBUG -DUSE_HAL_DRIVER -DSTM32F103xB -c -I../Core/Inc -I../Drivers/STM32F1xx_HAL_Driver/Inc/Legacy -I../Drivers/STM32F1xx_HAL_Driver/Inc -I../Drivers/CMSIS/Device/ST/STM32F1xx/Include -I../Drivers/CMSIS/Include -O0 -ffunction-sections -fdata-sections -Wall -fstack-usage -fcyclomatic-complexity -MMD -MP -MF"Drivers/STM32F1xx_HAL_Driver/Src/stm32f1xx_hal.d" -MT"Drivers/STM32F1xx_HAL_Driver/Src/stm32f1xx_hal.o" --specs=nano.specs -mfloat-abi=soft -mthumb -o "Drivers/STM32F1xx_HAL_Driver/Src/stm32f1xx_hal.o"
arm-none-eabi-gcc "../Drivers/STM32F1xx_HAL_Driver/Src/stm32f1xx_hal_cortex.c" -mcpu=cortex-m3 -std=gnu11 -g3 -DDEBUG -DUSE_HAL_DRIVER -DSTM32F103xB -c -I../Core/Inc -I../Drivers/STM32F1xx_HAL_Driver/Inc/Legacy -I../Drivers/STM32F1xx_HAL_Driver/Inc -I../Drivers/CMSIS/Device/ST/STM32F1xx/Include -I../Drivers/CMSIS/Include -O0 -ffunction-sections -fdata-sections -Wall -fstack-usage -fcyclomatic-complexity -MMD -MP -MF"Drivers/STM32F1xx_HAL_Driver/Src/stm32f1xx_hal_cortex.d" -MT"Drivers/STM32F1xx_HAL_Driver/Src/stm32f1xx_hal_cortex.o" --specs=nano.specs -mfloat-abi=soft -mthumb -o "Drivers/STM32F1xx_HAL_Driver/Src/stm32f1xx_hal_cortex.o"
arm-none-eabi-gcc "../Drivers/STM32F1xx_HAL_Driver/Src/stm32f1xx_hal_dma.c" -mcpu=cortex-m3 -std=gnu11 -g3 -DDEBUG -DUSE_HAL_DRIVER -DSTM32F103xB -c -I../Core/Inc -I../Drivers/STM32F1xx_HAL_Driver/Inc/Legacy -I../Drivers/STM32F1xx_HAL_Driver/Inc -I../Drivers/CMSIS/Device/ST/STM32F1xx/Include -I../Drivers/CMSIS/Include -O0 -ffunction-sections -fdata-sections -Wall -fstack-usage -fcyclomatic-complexity -MMD -MP -MF"Drivers/STM32F1xx_HAL_Driver/Src/stm32f1xx_hal_dma.d" -MT"Drivers/STM32F1xx_HAL_Driver/Src/stm32f1xx_hal_dma.o" --specs=nano.specs -mfloat-abi=soft -mthumb -o "Drivers/STM32F1xx_HAL_Driver/Src/stm32f1xx_hal_dma.o"
arm-none-eabi-gcc "../Drivers/STM32F1xx_HAL_Driver/Src/stm32f1xx_hal_exti.c" -mcpu=cortex-m3 -std=gnu11 -g3 -DDEBUG -DUSE_HAL_DRIVER -DSTM32F103xB -c -I../Core/Inc -I../Drivers/STM32F1xx_HAL_Driver/Inc/Legacy -I../Drivers/STM32F1xx_HAL_Driver/Inc -I../Drivers/CMSIS/Device/ST/STM32F1xx/Include -I../Drivers/CMSIS/Include -O0 -ffunction-sections -fdata-sections -Wall -fstack-usage -fcyclomatic-complexity -MMD -MP -MF"Drivers/STM32F1xx_HAL_Driver/Src/stm32f1xx_hal_exti.d" -MT"Drivers/STM32F1xx_HAL_Driver/Src/stm32f1xx_hal_exti.o" --specs=nano.specs -mfloat-abi=soft -mthumb -o "Drivers/STM32F1xx_HAL_Driver/Src/stm32f1xx_hal_exti.o"
arm-none-eabi-gcc "../Drivers/STM32F1xx_HAL_Driver/Src/stm32f1xx_hal_flash.c" -mcpu=cortex-m3 -std=gnu11 -g3 -DDEBUG -DUSE_HAL_DRIVER -DSTM32F103xB -c -I../Core/Inc -I../Drivers/STM32F1xx_HAL_Driver/Inc/Legacy -I../Drivers/STM32F1xx_HAL_Driver/Inc -I../Drivers/CMSIS/Device/ST/STM32F1xx/Include -I../Drivers/CMSIS/Include -O0 -ffunction-sections -fdata-sections -Wall -fstack-usage -fcyclomatic-complexity -MMD -MP -MF"Drivers/STM32F1xx_HAL_Driver/Src/stm32f1xx_hal_flash.d" -MT"Drivers/STM32F1xx_HAL_Driver/Src/stm32f1xx_hal_flash.o" --specs=nano.specs -mfloat-abi=soft -mthumb -o "Drivers/STM32F1xx_HAL_Driver/Src/stm32f1xx_hal_flash.o"
arm-none-eabi-gcc "../Drivers/STM32F1xx_HAL_Driver/Src/stm32f1xx_hal_flash_ex.c" -mcpu=cortex-m3 -std=gnu11 -g3 -DDEBUG -DUSE_HAL_DRIVER -DSTM32F103xB -c -I../Core/Inc -I../Drivers/STM32F1xx_HAL_Driver/Inc/Legacy -I../Drivers/STM32F1xx_HAL_Driver/Inc -I../Drivers/CMSIS/Device/ST/STM32F1xx/Include -I../Drivers/CMSIS/Include -O0 -ffunction-sections -fdata-sections -Wall -fstack-usage -fcyclomatic-complexity -MMD -MP -MF"Drivers/STM32F1xx_HAL_Driver/Src/stm32f1xx_hal_flash_ex.d" -MT"Drivers/STM32F1xx_HAL_Driver/Src/stm32f1xx_hal_flash_ex.o" --specs=nano.specs -mfloat-abi=soft -mthumb -o "Drivers/STM32F1xx_HAL_Driver/Src/stm32f1xx_hal_flash_ex.o"
arm-none-eabi-gcc "../Drivers/STM32F1xx_HAL_Driver/Src/stm32f1xx_hal_gpio.c" -mcpu=cortex-m3 -std=gnu11 -g3 -DDEBUG -DUSE_HAL_DRIVER -DSTM32F103xB -c -I../Core/Inc -I../Drivers/STM32F1xx_HAL_Driver/Inc/Legacy -I../Drivers/STM32F1xx_HAL_Driver/Inc -I../Drivers/CMSIS/Device/ST/STM32F1xx/Include -I../Drivers/CMSIS/Include -O0 -ffunction-sections -fdata-sections -Wall -fstack-usage -fcyclomatic-complexity -MMD -MP -MF"Drivers/STM32F1xx_HAL_Driver/Src/stm32f1xx_hal_gpio.d" -MT"Drivers/STM32F1xx_HAL_Driver/Src/stm32f1xx_hal_gpio.o" --specs=nano.specs -mfloat-abi=soft -mthumb -o "Drivers/STM32F1xx_HAL_Driver/Src/stm32f1xx_hal_gpio.o"
arm-none-eabi-gcc "../Drivers/STM32F1xx_HAL_Driver/Src/stm32f1xx_hal_gpio_ex.c" -mcpu=cortex-m3 -std=gnu11 -g3 -DDEBUG -DUSE_HAL_DRIVER -DSTM32F103xB -c -I../Core/Inc -I../Drivers/STM32F1xx_HAL_Driver/Inc/Legacy -I../Drivers/STM32F1xx_HAL_Driver/Inc -I../Drivers/CMSIS/Device/ST/STM32F1xx/Include -I../Drivers/CMSIS/Include -O0 -ffunction-sections -fdata-sections -Wall -fstack-usage -fcyclomatic-complexity -MMD -MP -MF"Drivers/STM32F1xx_HAL_Driver/Src/stm32f1xx_hal_gpio_ex.d" -MT"Drivers/STM32F1xx_HAL_Driver/Src/stm32f1xx_hal_gpio_ex.o" --specs=nano.specs -mfloat-abi=soft -mthumb -o "Drivers/STM32F1xx_HAL_Driver/Src/stm32f1xx_hal_gpio_ex.o"
arm-none-eabi-gcc "../Drivers/STM32F1xx_HAL_Driver/Src/stm32f1xx_hal_i2c.c" -mcpu=cortex-m3 -std=gnu11 -g3 -DDEBUG -DUSE_HAL_DRIVER -DSTM32F103xB -c -I../Core/Inc -I../Drivers/STM32F1xx_HAL_Driver/Inc/Legacy -I../Drivers/STM32F1xx_HAL_Driver/Inc -I../Drivers/CMSIS/Device/ST/STM32F1xx/Include -I../Drivers/CMSIS/Include -O0 -ffunction-sections -fdata-sections -Wall -fstack-usage -fcyclomatic-complexity -MMD -MP -MF"Drivers/STM32F1xx_HAL_Driver/Src/stm32f1xx_hal_i2c.d" -MT"Drivers/STM32F1xx_HAL_Driver/Src/stm32f1xx_hal_i2c.o" --specs=nano.specs -mfloat-abi=soft -mthumb -o "Drivers/STM32F1xx_HAL_Driver/Src/stm32f1xx_hal_i2c.o"
arm-none-eabi-gcc "../Drivers/STM32F1xx_HAL_Driver/Src/stm32f1xx_hal_pwr.c" -mcpu=cortex-m3 -std=gnu11 -g3 -DDEBUG -DUSE_HAL_DRIVER -DSTM32F103xB -c -I../Core/Inc -I../Drivers/STM32F1xx_HAL_Driver/Inc/Legacy -I../Drivers/STM32F1xx_HAL_Driver/Inc -I../Drivers/CMSIS/Device/ST/STM32F1xx/Include -I../Drivers/CMSIS/Include -O0 -ffunction-sections -fdata-sections -Wall -fstack-usage -fcyclomatic-complexity -MMD -MP -MF"Drivers/STM32F1xx_HAL_Driver/Src/stm32f1xx_hal_pwr.d" -MT"Drivers/STM32F1xx_HAL_Driver/Src/stm32f1xx_hal_pwr.o" --specs=nano.specs -mfloat-abi=soft -mthumb -o "Drivers/STM32F1xx_HAL_Driver/Src/stm32f1xx_hal_pwr.o"
arm-none-eabi-gcc "../Drivers/STM32F1xx_HAL_Driver/Src/stm32f1xx_hal_rcc.c" -mcpu=cortex-m3 -std=gnu11 -g3 -DDEBUG -DUSE_HAL_DRIVER -DSTM32F103xB -c -I../Core/Inc -I../Drivers/STM32F1xx_HAL_Driver/Inc/Legacy -I../Drivers/STM32F1xx_HAL_Driver/Inc -I../Drivers/CMSIS/Device/ST/STM32F1xx/Include -I../Drivers/CMSIS/Include -O0 -ffunction-sections -fdata-sections -Wall -fstack-usage -fcyclomatic-complexity -MMD -MP -MF"Drivers/STM32F1xx_HAL_Driver/Src/stm32f1xx_hal_rcc.d" -MT"Drivers/STM32F1xx_HAL_Driver/Src/stm32f1xx_hal_rcc.o" --specs=nano.specs -mfloat-abi=soft -mthumb -o "Drivers/STM32F1xx_HAL_Driver/Src/stm32f1xx_hal_rcc.o"
arm-none-eabi-gcc "../Drivers/STM32F1xx_HAL_Driver/Src/stm32f1xx_hal_rcc_ex.c" -mcpu=cortex-m3 -std=gnu11 -g3 -DDEBUG -DUSE_HAL_DRIVER -DSTM32F103xB -c -I../Core/Inc -I../Drivers/STM32F1xx_HAL_Driver/Inc/Legacy -I../Drivers/STM32F1xx_HAL_Driver/Inc -I../Drivers/CMSIS/Device/ST/STM32F1xx/Include -I../Drivers/CMSIS/Include -O0 -ffunction-sections -fdata-sections -Wall -fstack-usage -fcyclomatic-complexity -MMD -MP -MF"Drivers/STM32F1xx_HAL_Driver/Src/stm32f1xx_hal_rcc_ex.d" -MT"Drivers/STM32F1xx_HAL_Driver/Src/stm32f1xx_hal_rcc_ex.o" --specs=nano.specs -mfloat-abi=soft -mthumb -o "Drivers/STM32F1xx_HAL_Driver/Src/stm32f1xx_hal_rcc_ex.o"
arm-none-eabi-gcc "../Drivers/STM32F1xx_HAL_Driver/Src/stm32f1xx_hal_tim.c" -mcpu=cortex-m3 -std=gnu11 -g3 -DDEBUG -DUSE_HAL_DRIVER -DSTM32F103xB -c -I../Core/Inc -I../Drivers/STM32F1xx_HAL_Driver/Inc/Legacy -I../Drivers/STM32F1xx_HAL_Driver/Inc -I../Drivers/CMSIS/Device/ST/STM32F1xx/Include -I../Drivers/CMSIS/Include -O0 -ffunction-sections -fdata-sections -Wall -fstack-usage -fcyclomatic-complexity -MMD -MP -MF"Drivers/STM32F1xx_HAL_Driver/Src/stm32f1xx_hal_tim.d" -MT"Drivers/STM32F1xx_HAL_Driver/Src/stm32f1xx_hal_tim.o" --specs=nano.specs -mfloat-abi=soft -mthumb -o "Drivers/STM32F1xx_HAL_Driver/Src/stm32f1xx_hal_tim.o"
arm-none-eabi-gcc "../Drivers/STM32F1xx_HAL_Driver/Src/stm32f1xx_hal_tim_ex.c" -mcpu=cortex-m3 -std=gnu11 -g3 -DDEBUG -DUSE_HAL_DRIVER -DSTM32F103xB -c -I../Core/Inc -I../Drivers/STM32F1xx_HAL_Driver/Inc/Legacy -I../Drivers/STM32F1xx_HAL_Driver/Inc -I../Drivers/CMSIS/Device/ST/STM32F1xx/Include -I../Drivers/CMSIS/Include -O0 -ffunction-sections -fdata-sections -Wall -fstack-usage -fcyclomatic-complexity -MMD -MP -MF"Drivers/STM32F1xx_HAL_Driver/Src/stm32f1xx_hal_tim_ex.d" -MT"Drivers/STM32F1xx_HAL_Driver/Src/stm32f1xx_hal_tim_ex.o" --specs=nano.specs -mfloat-abi=soft -mthumb -o "Drivers/STM32F1xx_HAL_Driver/Src/stm32f1xx_hal_tim_ex.o"
arm-none-eabi-gcc "../Core/Src/main.c" -mcpu=cortex-m3 -std=gnu11 -g3 -DDEBUG -DUSE_HAL_DRIVER -DSTM32F103xB -c -I../Core/Inc -I../Drivers/STM32F1xx_HAL_Driver/Inc/Legacy -I../Drivers/STM32F1xx_HAL_Driver/Inc -I../Drivers/CMSIS/Device/ST/STM32F1xx/Include -I../Drivers/CMSIS/Include -O0 -ffunction-sections -fdata-sections -Wall -fstack-usage -fcyclomatic-complexity -MMD -MP -MF"Core/Src/main.d" -MT"Core/Src/main.o" --specs=nano.specs -mfloat-abi=soft -mthumb -o "Core/Src/main.o"
arm-none-eabi-gcc "../Core/Src/stm32f1xx_hal_msp.c" -mcpu=cortex-m3 -std=gnu11 -g3 -DDEBUG -DUSE_HAL_DRIVER -DSTM32F103xB -c -I../Core/Inc -I../Drivers/STM32F1xx_HAL_Driver/Inc/Legacy -I../Drivers/STM32F1xx_HAL_Driver/Inc -I../Drivers/CMSIS/Device/ST/STM32F1xx/Include -I../Drivers/CMSIS/Include -O0 -ffunction-sections -fdata-sections -Wall -fstack-usage -fcyclomatic-complexity -MMD -MP -MF"Core/Src/stm32f1xx_hal_msp.d" -MT"Core/Src/stm32f1xx_hal_msp.o" --specs=nano.specs -mfloat-abi=soft -mthumb -o "Core/Src/stm32f1xx_hal_msp.o"
../Core/Src/main.c:68:37: error: conflicting type qualifiers for 'kc'
   68 | volatile double val1 = 0, val2 = 0, kc = 0,a=0,b=0;
      |                                     ^~
../Core/Src/main.c:66:9: note: previous declaration of 'kc' with type 'uint8_t[5]' {aka 'unsigned char[5]'}
   66 | uint8_t kc[5];
      |         ^~
../Core/Src/main.c: In function 'LCD_Init':
../Core/Src/main.c:74:9: warning: implicit declaration of function 'LCD_Command' [-Wimplicit-function-declaration]
   74 |         LCD_Command(0x30);
      |         ^~~~~~~~~~~
../Core/Src/main.c: At top level:
../Core/Src/main.c:96:6: warning: conflicting types for 'LCD_Command'; have 'void(char)'
   96 | void LCD_Command(char cmd)
      |      ^~~~~~~~~~~
../Core/Src/main.c:74:9: note: previous implicit declaration of 'LCD_Command' with type 'void(char)'
   74 |         LCD_Command(0x30);
      |         ^~~~~~~~~~~
../Core/Src/main.c: In function 'LCD_Command':
../Core/Src/main.c:100:9: error: 'data_u' undeclared (first use in this function); did you mean 'data_t'?
  100 |         data_u = (cmd&0xf0);
      |         ^~~~~~
      |         data_t
../Core/Src/main.c:100:9: note: each undeclared identifier is reported only once for each function it appears in
../Core/Src/main.c:106:42: error: 'SLAVE_ADDRESS_LCD' undeclared (first use in this function)
  106 |         HAL_I2C_Master_Transmit (&hi2c1, SLAVE_ADDRESS_LCD,(uint8_t *) data_t, 4, 100);
      |                                          ^~~~~~~~~~~~~~~~~
../Core/Src/main.c:98:14: warning: unused variable 'data_h' [-Wunused-variable]
   98 |         char data_h, data_l;
      |              ^~~~~~
../Core/Src/main.c: In function 'LCD_Data':
../Core/Src/main.c:112:9: error: 'data_u' undeclared (first use in this function); did you mean 'data_t'?
  112 |         data_u = (data&0xf0);
      |         ^~~~~~
      |         data_t
../Core/Src/main.c:118:42: error: 'SLAVE_ADDRESS_LCD' undeclared (first use in this function)
  118 |         HAL_I2C_Master_Transmit (&hi2c1, SLAVE_ADDRESS_LCD,(uint8_t *) data_t, 4, 100);
      |                                          ^~~~~~~~~~~~~~~~~
../Core/Src/main.c:110:14: warning: unused variable 'data_h' [-Wunused-variable]
  110 |         char data_h, data_l;
      |              ^~~~~~
../Core/Src/main.c: In function 'HAL_TIM_PeriodElapsedCallback':
../Core/Src/main.c:141:10: warning: parameter names (without types) in function declaration
  141 |          LCD_String(distance);
      |          ^~~~~~~~~~
../Core/Src/main.c:141:10: error: conflicting types for 'LCD_String'; have 'int()'
../Core/Src/main.c:128:6: note: previous definition of 'LCD_String' with type 'void(char *)'
  128 | void LCD_String(char *s)
      |      ^~~~~~~~~~
../Core/Src/main.c:144:30: error: invalid operands to binary % (have 'double' and 'int')
  144 |          LCD_GotoXY(1,11,((kc%100)/10)+48);
      |                              ^
../Core/Src/main.c:146:30: error: invalid operands to binary % (have 'double' and 'int')
  146 |          LCD_GotoXY(1,11,((kc%100)%10)+48);
      |                              ^
make: *** [Core/Src/subdir.mk:34: Core/Src/main.o] Error 1
make: *** Waiting for unfinished jobs....
"make -j8 all" terminated with exit code 2. Build might be incomplete.
17:30:45 **** Incremental Build of configuration Debug for project hmm ****
make -j8 all 
arm-none-eabi-gcc "../Core/Src/main.c" -mcpu=cortex-m3 -std=gnu11 -g3 -DDEBUG -DUSE_HAL_DRIVER -DSTM32F103xB -c -I../Core/Inc -I../Drivers/STM32F1xx_HAL_Driver/Inc/Legacy -I../Drivers/STM32F1xx_HAL_Driver/Inc -I../Drivers/CMSIS/Device/ST/STM32F1xx/Include -I../Drivers/CMSIS/Include -O0 -ffunction-sections -fdata-sections -Wall -fstack-usage -fcyclomatic-complexity -MMD -MP -MF"Core/Src/main.d" -MT"Core/Src/main.o" --specs=nano.specs -mfloat-abi=soft -mthumb -o "Core/Src/main.o"
arm-none-eabi-gcc "../Core/Src/stm32f1xx_it.c" -mcpu=cortex-m3 -std=gnu11 -g3 -DDEBUG -DUSE_HAL_DRIVER -DSTM32F103xB -c -I../Core/Inc -I../Drivers/STM32F1xx_HAL_Driver/Inc/Legacy -I../Drivers/STM32F1xx_HAL_Driver/Inc -I../Drivers/CMSIS/Device/ST/STM32F1xx/Include -I../Drivers/CMSIS/Include -O0 -ffunction-sections -fdata-sections -Wall -fstack-usage -fcyclomatic-complexity -MMD -MP -MF"Core/Src/stm32f1xx_it.d" -MT"Core/Src/stm32f1xx_it.o" --specs=nano.specs -mfloat-abi=soft -mthumb -o "Core/Src/stm32f1xx_it.o"
arm-none-eabi-gcc "../Core/Src/system_stm32f1xx.c" -mcpu=cortex-m3 -std=gnu11 -g3 -DDEBUG -DUSE_HAL_DRIVER -DSTM32F103xB -c -I../Core/Inc -I../Drivers/STM32F1xx_HAL_Driver/Inc/Legacy -I../Drivers/STM32F1xx_HAL_Driver/Inc -I../Drivers/CMSIS/Device/ST/STM32F1xx/Include -I../Drivers/CMSIS/Include -O0 -ffunction-sections -fdata-sections -Wall -fstack-usage -fcyclomatic-complexity -MMD -MP -MF"Core/Src/system_stm32f1xx.d" -MT"Core/Src/system_stm32f1xx.o" --specs=nano.specs -mfloat-abi=soft -mthumb -o "Core/Src/system_stm32f1xx.o"
../Core/Src/main.c:68:37: error: conflicting type qualifiers for 'kc'
   68 | volatile double val1 = 0, val2 = 0, kc = 0,a=0,b=0;
      |                                     ^~
../Core/Src/main.c:66:9: note: previous declaration of 'kc' with type 'uint8_t[5]' {aka 'unsigned char[5]'}
   66 | uint8_t kc[5];
      |         ^~
../Core/Src/main.c: In function 'LCD_Init':
../Core/Src/main.c:74:9: warning: implicit declaration of function 'LCD_Command' [-Wimplicit-function-declaration]
   74 |         LCD_Command(0x30);
      |         ^~~~~~~~~~~
../Core/Src/main.c: At top level:
../Core/Src/main.c:96:6: warning: conflicting types for 'LCD_Command'; have 'void(char)'
   96 | void LCD_Command(char cmd)
      |      ^~~~~~~~~~~
../Core/Src/main.c:74:9: note: previous implicit declaration of 'LCD_Command' with type 'void(char)'
   74 |         LCD_Command(0x30);
      |         ^~~~~~~~~~~
../Core/Src/main.c: In function 'LCD_Command':
../Core/Src/main.c:100:9: error: 'data_u' undeclared (first use in this function); did you mean 'data_t'?
  100 |         data_u = (cmd&0xf0);
      |         ^~~~~~
      |         data_t
../Core/Src/main.c:100:9: note: each undeclared identifier is reported only once for each function it appears in
../Core/Src/main.c:106:42: error: 'SLAVE_ADDRESS_LCD' undeclared (first use in this function)
  106 |         HAL_I2C_Master_Transmit (&hi2c1, SLAVE_ADDRESS_LCD,(uint8_t *) data_t, 4, 100);
      |                                          ^~~~~~~~~~~~~~~~~
../Core/Src/main.c:98:14: warning: unused variable 'data_h' [-Wunused-variable]
   98 |         char data_h, data_l;
      |              ^~~~~~
../Core/Src/main.c: In function 'LCD_Data':
../Core/Src/main.c:112:9: error: 'data_u' undeclared (first use in this function); did you mean 'data_t'?
  112 |         data_u = (data&0xf0);
      |         ^~~~~~
      |         data_t
../Core/Src/main.c:118:42: error: 'SLAVE_ADDRESS_LCD' undeclared (first use in this function)
  118 |         HAL_I2C_Master_Transmit (&hi2c1, SLAVE_ADDRESS_LCD,(uint8_t *) data_t, 4, 100);
      |                                          ^~~~~~~~~~~~~~~~~
../Core/Src/main.c:110:14: warning: unused variable 'data_h' [-Wunused-variable]
  110 |         char data_h, data_l;
      |              ^~~~~~
../Core/Src/main.c: In function 'HAL_TIM_PeriodElapsedCallback':
../Core/Src/main.c:140:21: warning: pointer targets in passing argument 1 of 'LCD_String' differ in signedness [-Wpointer-sign]
  140 |          LCD_String(distance);
      |                     ^~~~~~~~
      |                     |
      |                     uint8_t * {aka unsigned char *}
../Core/Src/main.c:128:23: note: expected 'char *' but argument is of type 'uint8_t *' {aka 'unsigned char *'}
  128 | void LCD_String(char *s)
      |                 ~~~~~~^
../Core/Src/main.c:143:30: error: invalid operands to binary % (have 'double' and 'int')
  143 |          LCD_GotoXY(1,11,((kc%100)/10)+48);
      |                              ^
../Core/Src/main.c:145:30: error: invalid operands to binary % (have 'double' and 'int')
  145 |          LCD_GotoXY(1,11,((kc%100)%10)+48);
      |                              ^
../Core/Src/main.c:146:21: warning: pointer targets in passing argument 1 of 'LCD_String' differ in signedness [-Wpointer-sign]
  146 |          LCD_String(cm);
      |                     ^~
      |                     |
      |                     uint8_t * {aka unsigned char *}
../Core/Src/main.c:128:23: note: expected 'char *' but argument is of type 'uint8_t *' {aka 'unsigned char *'}
  128 | void LCD_String(char *s)
      |                 ~~~~~~^
make: *** [Core/Src/subdir.mk:34: Core/Src/main.o] Error 1
make: *** Waiting for unfinished jobs....
"make -j8 all" terminated with exit code 2. Build might be incomplete.
17:31:47 **** Incremental Build of configuration Debug for project hmm ****
make -j8 all 
arm-none-eabi-gcc "../Core/Src/main.c" -mcpu=cortex-m3 -std=gnu11 -g3 -DDEBUG -DUSE_HAL_DRIVER -DSTM32F103xB -c -I../Core/Inc -I../Drivers/STM32F1xx_HAL_Driver/Inc/Legacy -I../Drivers/STM32F1xx_HAL_Driver/Inc -I../Drivers/CMSIS/Device/ST/STM32F1xx/Include -I../Drivers/CMSIS/Include -O0 -ffunction-sections -fdata-sections -Wall -fstack-usage -fcyclomatic-complexity -MMD -MP -MF"Core/Src/main.d" -MT"Core/Src/main.o" --specs=nano.specs -mfloat-abi=soft -mthumb -o "Core/Src/main.o"
../Core/Src/main.c: In function 'LCD_Init':
../Core/Src/main.c:73:9: warning: implicit declaration of function 'LCD_Command' [-Wimplicit-function-declaration]
   73 |         LCD_Command(0x30);
      |         ^~~~~~~~~~~
../Core/Src/main.c: At top level:
../Core/Src/main.c:95:6: warning: conflicting types for 'LCD_Command'; have 'void(char)'
   95 | void LCD_Command(char cmd)
      |      ^~~~~~~~~~~
../Core/Src/main.c:73:9: note: previous implicit declaration of 'LCD_Command' with type 'void(char)'
   73 |         LCD_Command(0x30);
      |         ^~~~~~~~~~~
../Core/Src/main.c: In function 'LCD_Command':
../Core/Src/main.c:99:9: error: 'data_u' undeclared (first use in this function); did you mean 'data_t'?
   99 |         data_u = (cmd&0xf0);
      |         ^~~~~~
      |         data_t
../Core/Src/main.c:99:9: note: each undeclared identifier is reported only once for each function it appears in
../Core/Src/main.c:105:42: error: 'SLAVE_ADDRESS_LCD' undeclared (first use in this function)
  105 |         HAL_I2C_Master_Transmit (&hi2c1, SLAVE_ADDRESS_LCD,(uint8_t *) data_t, 4, 100);
      |                                          ^~~~~~~~~~~~~~~~~
../Core/Src/main.c:97:14: warning: unused variable 'data_h' [-Wunused-variable]
   97 |         char data_h, data_l;
      |              ^~~~~~
../Core/Src/main.c: In function 'LCD_Data':
../Core/Src/main.c:111:9: error: 'data_u' undeclared (first use in this function); did you mean 'data_t'?
  111 |         data_u = (data&0xf0);
      |         ^~~~~~
      |         data_t
../Core/Src/main.c:117:42: error: 'SLAVE_ADDRESS_LCD' undeclared (first use in this function)
  117 |         HAL_I2C_Master_Transmit (&hi2c1, SLAVE_ADDRESS_LCD,(uint8_t *) data_t, 4, 100);
      |                                          ^~~~~~~~~~~~~~~~~
../Core/Src/main.c:109:14: warning: unused variable 'data_h' [-Wunused-variable]
  109 |         char data_h, data_l;
      |              ^~~~~~
../Core/Src/main.c: In function 'HAL_TIM_PeriodElapsedCallback':
../Core/Src/main.c:142:30: error: invalid operands to binary % (have 'double' and 'int')
  142 |          LCD_GotoXY(1,11,((kc%100)/10)+48);
      |                              ^
../Core/Src/main.c:144:30: error: invalid operands to binary % (have 'double' and 'int')
  144 |          LCD_GotoXY(1,11,((kc%100)%10)+48);
      |                              ^
make: *** [Core/Src/subdir.mk:34: Core/Src/main.o] Error 1
"make -j8 all" terminated with exit code 2. Build might be incomplete.
17:32:27 **** Incremental Build of configuration Debug for project hmm ****
make -j8 all 
arm-none-eabi-gcc "../Core/Src/main.c" -mcpu=cortex-m3 -std=gnu11 -g3 -DDEBUG -DUSE_HAL_DRIVER -DSTM32F103xB -c -I../Core/Inc -I../Drivers/STM32F1xx_HAL_Driver/Inc/Legacy -I../Drivers/STM32F1xx_HAL_Driver/Inc -I../Drivers/CMSIS/Device/ST/STM32F1xx/Include -I../Drivers/CMSIS/Include -O0 -ffunction-sections -fdata-sections -Wall -fstack-usage -fcyclomatic-complexity -MMD -MP -MF"Core/Src/main.d" -MT"Core/Src/main.o" --specs=nano.specs -mfloat-abi=soft -mthumb -o "Core/Src/main.o"
../Core/Src/main.c: In function 'LCD_Command':
../Core/Src/main.c:73:9: error: 'data_u' undeclared (first use in this function); did you mean 'data_t'?
   73 |         data_u = (cmd&0xf0);
      |         ^~~~~~
      |         data_t
../Core/Src/main.c:73:9: note: each undeclared identifier is reported only once for each function it appears in
../Core/Src/main.c:79:42: error: 'SLAVE_ADDRESS_LCD' undeclared (first use in this function)
   79 |         HAL_I2C_Master_Transmit (&hi2c1, SLAVE_ADDRESS_LCD,(uint8_t *) data_t, 4, 100);
      |                                          ^~~~~~~~~~~~~~~~~
../Core/Src/main.c:71:14: warning: unused variable 'data_h' [-Wunused-variable]
   71 |         char data_h, data_l;
      |              ^~~~~~
../Core/Src/main.c: In function 'LCD_Data':
../Core/Src/main.c:85:9: error: 'data_u' undeclared (first use in this function); did you mean 'data_t'?
   85 |         data_u = (data&0xf0);
      |         ^~~~~~
      |         data_t
../Core/Src/main.c:91:42: error: 'SLAVE_ADDRESS_LCD' undeclared (first use in this function)
   91 |         HAL_I2C_Master_Transmit (&hi2c1, SLAVE_ADDRESS_LCD,(uint8_t *) data_t, 4, 100);
      |                                          ^~~~~~~~~~~~~~~~~
../Core/Src/main.c:83:14: warning: unused variable 'data_h' [-Wunused-variable]
   83 |         char data_h, data_l;
      |              ^~~~~~
../Core/Src/main.c: In function 'HAL_TIM_PeriodElapsedCallback':
../Core/Src/main.c:142:30: error: invalid operands to binary % (have 'double' and 'int')
  142 |          LCD_GotoXY(1,11,((kc%100)/10)+48);
      |                              ^
../Core/Src/main.c:144:30: error: invalid operands to binary % (have 'double' and 'int')
  144 |          LCD_GotoXY(1,11,((kc%100)%10)+48);
      |                              ^
make: *** [Core/Src/subdir.mk:34: Core/Src/main.o] Error 1
"make -j8 all" terminated with exit code 2. Build might be incomplete.
17:32:56 **** Incremental Build of configuration Debug for project hmm ****
make -j8 all 
arm-none-eabi-gcc "../Core/Src/main.c" -mcpu=cortex-m3 -std=gnu11 -g3 -DDEBUG -DUSE_HAL_DRIVER -DSTM32F103xB -c -I../Core/Inc -I../Drivers/STM32F1xx_HAL_Driver/Inc/Legacy -I../Drivers/STM32F1xx_HAL_Driver/Inc -I../Drivers/CMSIS/Device/ST/STM32F1xx/Include -I../Drivers/CMSIS/Include -O0 -ffunction-sections -fdata-sections -Wall -fstack-usage -fcyclomatic-complexity -MMD -MP -MF"Core/Src/main.d" -MT"Core/Src/main.o" --specs=nano.specs -mfloat-abi=soft -mthumb -o "Core/Src/main.o"
../Core/Src/main.c: In function 'LCD_Command':
../Core/Src/main.c:74:9: error: 'data_l' undeclared (first use in this function); did you mean 'data_t'?
   74 |         data_l = ((cmd<<4)&0xf0);
      |         ^~~~~~
      |         data_t
../Core/Src/main.c:74:9: note: each undeclared identifier is reported only once for each function it appears in
../Core/Src/main.c:79:42: error: 'SLAVE_ADDRESS_LCD' undeclared (first use in this function)
   79 |         HAL_I2C_Master_Transmit (&hi2c1, SLAVE_ADDRESS_LCD,(uint8_t *) data_t, 4, 100);
      |                                          ^~~~~~~~~~~~~~~~~
../Core/Src/main.c:71:14: warning: unused variable 'data_h' [-Wunused-variable]
   71 |         char data_h, data_u;
      |              ^~~~~~
../Core/Src/main.c: In function 'LCD_Data':
../Core/Src/main.c:86:9: error: 'data_l' undeclared (first use in this function); did you mean 'data_t'?
   86 |         data_l = ((data<<4)&0xf0);
      |         ^~~~~~
      |         data_t
../Core/Src/main.c:91:42: error: 'SLAVE_ADDRESS_LCD' undeclared (first use in this function)
   91 |         HAL_I2C_Master_Transmit (&hi2c1, SLAVE_ADDRESS_LCD,(uint8_t *) data_t, 4, 100);
      |                                          ^~~~~~~~~~~~~~~~~
../Core/Src/main.c:83:14: warning: unused variable 'data_h' [-Wunused-variable]
   83 |         char data_h, data_u;
      |              ^~~~~~
../Core/Src/main.c: In function 'HAL_TIM_PeriodElapsedCallback':
../Core/Src/main.c:142:30: error: invalid operands to binary % (have 'double' and 'int')
  142 |          LCD_GotoXY(1,11,((kc%100)/10)+48);
      |                              ^
../Core/Src/main.c:144:30: error: invalid operands to binary % (have 'double' and 'int')
  144 |          LCD_GotoXY(1,11,((kc%100)%10)+48);
      |                              ^
make: *** [Core/Src/subdir.mk:34: Core/Src/main.o] Error 1
"make -j8 all" terminated with exit code 2. Build might be incomplete.
17:33:15 **** Incremental Build of configuration Debug for project hmm ****
make -j8 all 
arm-none-eabi-gcc "../Core/Src/main.c" -mcpu=cortex-m3 -std=gnu11 -g3 -DDEBUG -DUSE_HAL_DRIVER -DSTM32F103xB -c -I../Core/Inc -I../Drivers/STM32F1xx_HAL_Driver/Inc/Legacy -I../Drivers/STM32F1xx_HAL_Driver/Inc -I../Drivers/CMSIS/Device/ST/STM32F1xx/Include -I../Drivers/CMSIS/Include -O0 -ffunction-sections -fdata-sections -Wall -fstack-usage -fcyclomatic-complexity -MMD -MP -MF"Core/Src/main.d" -MT"Core/Src/main.o" --specs=nano.specs -mfloat-abi=soft -mthumb -o "Core/Src/main.o"
../Core/Src/main.c: In function 'LCD_Command':
../Core/Src/main.c:79:42: error: 'SLAVE_ADDRESS_LCD' undeclared (first use in this function)
   79 |         HAL_I2C_Master_Transmit (&hi2c1, SLAVE_ADDRESS_LCD,(uint8_t *) data_t, 4, 100);
      |                                          ^~~~~~~~~~~~~~~~~
../Core/Src/main.c:79:42: note: each undeclared identifier is reported only once for each function it appears in
../Core/Src/main.c: In function 'LCD_Data':
../Core/Src/main.c:91:42: error: 'SLAVE_ADDRESS_LCD' undeclared (first use in this function)
   91 |         HAL_I2C_Master_Transmit (&hi2c1, SLAVE_ADDRESS_LCD,(uint8_t *) data_t, 4, 100);
      |                                          ^~~~~~~~~~~~~~~~~
../Core/Src/main.c: In function 'HAL_TIM_PeriodElapsedCallback':
../Core/Src/main.c:142:30: error: invalid operands to binary % (have 'double' and 'int')
  142 |          LCD_GotoXY(1,11,((kc%100)/10)+48);
      |                              ^
../Core/Src/main.c:144:30: error: invalid operands to binary % (have 'double' and 'int')
  144 |          LCD_GotoXY(1,11,((kc%100)%10)+48);
      |                              ^
make: *** [Core/Src/subdir.mk:34: Core/Src/main.o] Error 1
"make -j8 all" terminated with exit code 2. Build might be incomplete.
17:33:36 **** Incremental Build of configuration Debug for project hmm ****
make -j8 all 
arm-none-eabi-gcc "../Core/Src/main.c" -mcpu=cortex-m3 -std=gnu11 -g3 -DDEBUG -DUSE_HAL_DRIVER -DSTM32F103xB -c -I../Core/Inc -I../Drivers/STM32F1xx_HAL_Driver/Inc/Legacy -I../Drivers/STM32F1xx_HAL_Driver/Inc -I../Drivers/CMSIS/Device/ST/STM32F1xx/Include -I../Drivers/CMSIS/Include -O0 -ffunction-sections -fdata-sections -Wall -fstack-usage -fcyclomatic-complexity -MMD -MP -MF"Core/Src/main.d" -MT"Core/Src/main.o" --specs=nano.specs -mfloat-abi=soft -mthumb -o "Core/Src/main.o"
../Core/Src/main.c: In function 'HAL_TIM_PeriodElapsedCallback':
../Core/Src/main.c:142:30: error: invalid operands to binary % (have 'double' and 'int')
  142 |          LCD_GotoXY(1,11,((kc%100)/10)+48);
      |                              ^
../Core/Src/main.c:144:30: error: invalid operands to binary % (have 'double' and 'int')
  144 |          LCD_GotoXY(1,11,((kc%100)%10)+48);
      |                              ^
make: *** [Core/Src/subdir.mk:34: Core/Src/main.o] Error 1
"make -j8 all" terminated with exit code 2. Build might be incomplete.
17:33:57 **** Incremental Build of configuration Debug for project hmm ****
make -j8 all 
arm-none-eabi-gcc "../Core/Src/main.c" -mcpu=cortex-m3 -std=gnu11 -g3 -DDEBUG -DUSE_HAL_DRIVER -DSTM32F103xB -c -I../Core/Inc -I../Drivers/STM32F1xx_HAL_Driver/Inc/Legacy -I../Drivers/STM32F1xx_HAL_Driver/Inc -I../Drivers/CMSIS/Device/ST/STM32F1xx/Include -I../Drivers/CMSIS/Include -O0 -ffunction-sections -fdata-sections -Wall -fstack-usage -fcyclomatic-complexity -MMD -MP -MF"Core/Src/main.d" -MT"Core/Src/main.o" --specs=nano.specs -mfloat-abi=soft -mthumb -o "Core/Src/main.o"
arm-none-eabi-gcc -o "hmm.elf" @"objects.list"   -mcpu=cortex-m3 -T"P:\Prj\SR04\hmm\STM32F103C8TX_FLASH.ld" --specs=nosys.specs -Wl,-Map="hmm.map" -Wl,--gc-sections -static --specs=nano.specs -mfloat-abi=soft -mthumb -Wl,--start-group -lc -lm -Wl,--end-group
Finished building target: hmm.elf
 
arm-none-eabi-size   hmm.elf 
arm-none-eabi-objdump -h -S  hmm.elf  > "hmm.list"
   text	   data	    bss	    dec	    hex	filename
  15140	     36	   1832	  17008	   4270	hmm.elf
Finished building: default.size.stdout
 
Finished building: hmm.list
 
17:34:22 **** Incremental Build of configuration Debug for project hmm ****
make -j8 all 
arm-none-eabi-size   hmm.elf 
   text	   data	    bss	    dec	    hex	filename
  15140	     36	   1832	  17008	   4270	hmm.elf
Finished building: default.size.stdout
 
17:35:11 **** Incremental Build of configuration Debug for project hmm ****
make -j8 all 
arm-none-eabi-size   hmm.elf 
   text	   data	    bss	    dec	    hex	filename
  15140	     36	   1832	  17008	   4270	hmm.elf
Finished building: default.size.stdout
 
17:36:34 **** Incremental Build of configuration Debug for project hmm ****
make -j8 all 
arm-none-eabi-gcc "../Core/Src/main.c" -mcpu=cortex-m3 -std=gnu11 -g3 -DDEBUG -DUSE_HAL_DRIVER -DSTM32F103xB -c -I../Core/Inc -I../Drivers/STM32F1xx_HAL_Driver/Inc/Legacy -I../Drivers/STM32F1xx_HAL_Driver/Inc -I../Drivers/CMSIS/Device/ST/STM32F1xx/Include -I../Drivers/CMSIS/Include -O0 -ffunction-sections -fdata-sections -Wall -fstack-usage -fcyclomatic-complexity -MMD -MP -MF"Core/Src/main.d" -MT"Core/Src/main.o" --specs=nano.specs -mfloat-abi=soft -mthumb -o "Core/Src/main.o"
arm-none-eabi-gcc -o "hmm.elf" @"objects.list"   -mcpu=cortex-m3 -T"P:\Prj\SR04\hmm\STM32F103C8TX_FLASH.ld" --specs=nosys.specs -Wl,-Map="hmm.map" -Wl,--gc-sections -static --specs=nano.specs -mfloat-abi=soft -mthumb -Wl,--start-group -lc -lm -Wl,--end-group
Finished building target: hmm.elf
 
arm-none-eabi-size   hmm.elf 
arm-none-eabi-objdump -h -S  hmm.elf  > "hmm.list"
   text	   data	    bss	    dec	    hex	filename
  14884	     32	   1832	  16748	   416c	hmm.elf
Finished building: default.size.stdout
 
Finished building: hmm.list
 
17:38:02 **** Incremental Build of configuration Debug for project hmm ****
make -j8 all 
arm-none-eabi-gcc "../Core/Src/main.c" -mcpu=cortex-m3 -std=gnu11 -g3 -DDEBUG -DUSE_HAL_DRIVER -DSTM32F103xB -c -I../Core/Inc -I../Drivers/STM32F1xx_HAL_Driver/Inc/Legacy -I../Drivers/STM32F1xx_HAL_Driver/Inc -I../Drivers/CMSIS/Device/ST/STM32F1xx/Include -I../Drivers/CMSIS/Include -O0 -ffunction-sections -fdata-sections -Wall -fstack-usage -fcyclomatic-complexity -MMD -MP -MF"Core/Src/main.d" -MT"Core/Src/main.o" --specs=nano.specs -mfloat-abi=soft -mthumb -o "Core/Src/main.o"
../Core/Src/main.c:140:9: warning: "/*" within comment [-Wcomment]
  140 |         /* kc = kc*10;
      |          
arm-none-eabi-gcc -o "hmm.elf" @"objects.list"   -mcpu=cortex-m3 -T"P:\Prj\SR04\hmm\STM32F103C8TX_FLASH.ld" --specs=nosys.specs -Wl,-Map="hmm.map" -Wl,--gc-sections -static --specs=nano.specs -mfloat-abi=soft -mthumb -Wl,--start-group -lc -lm -Wl,--end-group
Finished building target: hmm.elf
 
arm-none-eabi-size   hmm.elf 
arm-none-eabi-objdump -h -S  hmm.elf  > "hmm.list"
   text	   data	    bss	    dec	    hex	filename
  14680	     20	   1832	  16532	   4094	hmm.elf
Finished building: default.size.stdout
 
Finished building: hmm.list
 
17:39:31 **** Incremental Build of configuration Debug for project hmm ****
make -j8 all 
arm-none-eabi-gcc "../Core/Src/main.c" -mcpu=cortex-m3 -std=gnu11 -g3 -DDEBUG -DUSE_HAL_DRIVER -DSTM32F103xB -c -I../Core/Inc -I../Drivers/STM32F1xx_HAL_Driver/Inc/Legacy -I../Drivers/STM32F1xx_HAL_Driver/Inc -I../Drivers/CMSIS/Device/ST/STM32F1xx/Include -I../Drivers/CMSIS/Include -O0 -ffunction-sections -fdata-sections -Wall -fstack-usage -fcyclomatic-complexity -MMD -MP -MF"Core/Src/main.d" -MT"Core/Src/main.o" --specs=nano.specs -mfloat-abi=soft -mthumb -o "Core/Src/main.o"
arm-none-eabi-gcc -o "hmm.elf" @"objects.list"   -mcpu=cortex-m3 -T"P:\Prj\SR04\hmm\STM32F103C8TX_FLASH.ld" --specs=nosys.specs -Wl,-Map="hmm.map" -Wl,--gc-sections -static --specs=nano.specs -mfloat-abi=soft -mthumb -Wl,--start-group -lc -lm -Wl,--end-group
Finished building target: hmm.elf
 
arm-none-eabi-size   hmm.elf 
arm-none-eabi-objdump -h -S  hmm.elf  > "hmm.list"
   text	   data	    bss	    dec	    hex	filename
  14836	     32	   1832	  16700	   413c	hmm.elf
Finished building: default.size.stdout
 
Finished building: hmm.list
 
17:39:52 **** Incremental Build of configuration Debug for project hmm ****
make -j8 all 
arm-none-eabi-size   hmm.elf 
   text	   data	    bss	    dec	    hex	filename
  14836	     32	   1832	  16700	   413c	hmm.elf
Finished building: default.size.stdout
 
17:41:30 **** Incremental Build of configuration Debug for project hmm ****
make -j8 all 
arm-none-eabi-size   hmm.elf 
   text	   data	    bss	    dec	    hex	filename
  14836	     32	   1832	  16700	   413c	hmm.elf
Finished building: default.size.stdout
 
17:42:51 **** Incremental Build of configuration Debug for project hmm ****
make -j8 all 
arm-none-eabi-gcc "../Core/Src/main.c" -mcpu=cortex-m3 -std=gnu11 -g3 -DDEBUG -DUSE_HAL_DRIVER -DSTM32F103xB -c -I../Core/Inc -I../Drivers/STM32F1xx_HAL_Driver/Inc/Legacy -I../Drivers/STM32F1xx_HAL_Driver/Inc -I../Drivers/CMSIS/Device/ST/STM32F1xx/Include -I../Drivers/CMSIS/Include -O0 -ffunction-sections -fdata-sections -Wall -fstack-usage -fcyclomatic-complexity -MMD -MP -MF"Core/Src/main.d" -MT"Core/Src/main.o" --specs=nano.specs -mfloat-abi=soft -mthumb -o "Core/Src/main.o"
arm-none-eabi-gcc -o "hmm.elf" @"objects.list"   -mcpu=cortex-m3 -T"P:\Prj\SR04\hmm\STM32F103C8TX_FLASH.ld" --specs=nosys.specs -Wl,-Map="hmm.map" -Wl,--gc-sections -static --specs=nano.specs -mfloat-abi=soft -mthumb -Wl,--start-group -lc -lm -Wl,--end-group
Finished building target: hmm.elf
 
arm-none-eabi-size   hmm.elf 
arm-none-eabi-objdump -h -S  hmm.elf  > "hmm.list"
   text	   data	    bss	    dec	    hex	filename
  14836	     32	   1832	  16700	   413c	hmm.elf
Finished building: default.size.stdout
 
Finished building: hmm.list
 
17:44:25 **** Incremental Build of configuration Debug for project hmm ****
make -j8 all 
arm-none-eabi-gcc "../Core/Src/main.c" -mcpu=cortex-m3 -std=gnu11 -g3 -DDEBUG -DUSE_HAL_DRIVER -DSTM32F103xB -c -I../Core/Inc -I../Drivers/STM32F1xx_HAL_Driver/Inc/Legacy -I../Drivers/STM32F1xx_HAL_Driver/Inc -I../Drivers/CMSIS/Device/ST/STM32F1xx/Include -I../Drivers/CMSIS/Include -O0 -ffunction-sections -fdata-sections -Wall -fstack-usage -fcyclomatic-complexity -MMD -MP -MF"Core/Src/main.d" -MT"Core/Src/main.o" --specs=nano.specs -mfloat-abi=soft -mthumb -o "Core/Src/main.o"
arm-none-eabi-gcc -o "hmm.elf" @"objects.list"   -mcpu=cortex-m3 -T"P:\Prj\SR04\hmm\STM32F103C8TX_FLASH.ld" --specs=nosys.specs -Wl,-Map="hmm.map" -Wl,--gc-sections -static --specs=nano.specs -mfloat-abi=soft -mthumb -Wl,--start-group -lc -lm -Wl,--end-group
Finished building target: hmm.elf
 
arm-none-eabi-size   hmm.elf 
arm-none-eabi-objdump -h -S  hmm.elf  > "hmm.list"
   text	   data	    bss	    dec	    hex	filename
  15108	     36	   1832	  16976	   4250	hmm.elf
Finished building: default.size.stdout
 
Finished building: hmm.list
 
[...]
Finished building target: hmm.elf
 
arm-none-eabi-size   hmm.elf 
arm-none-eabi-objdump -h -S  hmm.elf  > "hmm.list"
   text	   data	    bss	    dec	    hex	filename
  15072	     36	   1832	  16940	   422c	hmm.elf
Finished building: default.size.stdout
 
Finished building: hmm.list
 
17:51:34 **** Incremental Build of configuration Debug for project hmm ****
make -j8 all 
arm-none-eabi-gcc "../Core/Src/main.c" -mcpu=cortex-m3 -std=gnu11 -g3 -DDEBUG -DUSE_HAL_DRIVER -DSTM32F103xB -c -I../Core/Inc -I../Drivers/STM32F1xx_HAL_Driver/Inc/Legacy -I../Drivers/STM32F1xx_HAL_Driver/Inc -I../Drivers/CMSIS/Device/ST/STM32F1xx/Include -I../Drivers/CMSIS/Include -O0 -ffunction-sections -fdata-sections -Wall -fstack-usage -fcyclomatic-complexity -MMD -MP -MF"Core/Src/main.d" -MT"Core/Src/main.o" --specs=nano.specs -mfloat-abi=soft -mthumb -o "Core/Src/main.o"
arm-none-eabi-gcc -o "hmm.elf" @"objects.list"   -mcpu=cortex-m3 -T"P:\Prj\SR04\hmm\STM32F103C8TX_FLASH.ld" --specs=nosys.specs -Wl,-Map="hmm.map" -Wl,--gc-sections -static --specs=nano.specs -mfloat-abi=soft -mthumb -Wl,--start-group -lc -lm -Wl,--end-group
Finished building target: hmm.elf
 
arm-none-eabi-size   hmm.elf 
arm-none-eabi-objdump -h -S  hmm.elf  > "hmm.list"
   text	   data	    bss	    dec	    hex	filename
  15096	     32	   1832	  16960	   4240	hmm.elf
Finished building: default.size.stdout
 
Finished building: hmm.list
 
17:52:30 **** Incremental Build of configuration Debug for project hmm ****
make -j8 all 
arm-none-eabi-gcc "../Core/Src/main.c" -mcpu=cortex-m3 -std=gnu11 -g3 -DDEBUG -DUSE_HAL_DRIVER -DSTM32F103xB -c -I../Core/Inc -I../Drivers/STM32F1xx_HAL_Driver/Inc/Legacy -I../Drivers/STM32F1xx_HAL_Driver/Inc -I../Drivers/CMSIS/Device/ST/STM32F1xx/Include -I../Drivers/CMSIS/Include -O0 -ffunction-sections -fdata-sections -Wall -fstack-usage -fcyclomatic-complexity -MMD -MP -MF"Core/Src/main.d" -MT"Core/Src/main.o" --specs=nano.specs -mfloat-abi=soft -mthumb -o "Core/Src/main.o"
arm-none-eabi-gcc -o "hmm.elf" @"objects.list"   -mcpu=cortex-m3 -T"P:\Prj\SR04\hmm\STM32F103C8TX_FLASH.ld" --specs=nosys.specs -Wl,-Map="hmm.map" -Wl,--gc-sections -static --specs=nano.specs -mfloat-abi=soft -mthumb -Wl,--start-group -lc -lm -Wl,--end-group
Finished building target: hmm.elf
 
arm-none-eabi-size   hmm.elf 
arm-none-eabi-objdump -h -S  hmm.elf  > "hmm.list"
   text	   data	    bss	    dec	    hex	filename
  15096	     32	   1832	  16960	   4240	hmm.elf
Finished building: default.size.stdout
 
Finished building: hmm.list
 
17:53:42 **** Incremental Build of configuration Debug for project hmm ****
make -j8 all 
arm-none-eabi-gcc "../Core/Src/main.c" -mcpu=cortex-m3 -std=gnu11 -g3 -DDEBUG -DUSE_HAL_DRIVER -DSTM32F103xB -c -I../Core/Inc -I../Drivers/STM32F1xx_HAL_Driver/Inc/Legacy -I../Drivers/STM32F1xx_HAL_Driver/Inc -I../Drivers/CMSIS/Device/ST/STM32F1xx/Include -I../Drivers/CMSIS/Include -O0 -ffunction-sections -fdata-sections -Wall -fstack-usage -fcyclomatic-complexity -MMD -MP -MF"Core/Src/main.d" -MT"Core/Src/main.o" --specs=nano.specs -mfloat-abi=soft -mthumb -o "Core/Src/main.o"
arm-none-eabi-gcc -o "hmm.elf" @"objects.list"   -mcpu=cortex-m3 -T"P:\Prj\SR04\hmm\STM32F103C8TX_FLASH.ld" --specs=nosys.specs -Wl,-Map="hmm.map" -Wl,--gc-sections -static --specs=nano.specs -mfloat-abi=soft -mthumb -Wl,--start-group -lc -lm -Wl,--end-group
Finished building target: hmm.elf
 
arm-none-eabi-size   hmm.elf 
arm-none-eabi-objdump -h -S  hmm.elf  > "hmm.list"
   text	   data	    bss	    dec	    hex	filename
  14928	     32	   1832	  16792	   4198	hmm.elf
Finished building: default.size.stdout
 
Finished building: hmm.list
 
17:55:31 **** Incremental Build of configuration Debug for project hmm ****
make -j8 all 
arm-none-eabi-gcc "../Core/Src/main.c" -mcpu=cortex-m3 -std=gnu11 -g3 -DDEBUG -DUSE_HAL_DRIVER -DSTM32F103xB -c -I../Core/Inc -I../Drivers/STM32F1xx_HAL_Driver/Inc/Legacy -I../Drivers/STM32F1xx_HAL_Driver/Inc -I../Drivers/CMSIS/Device/ST/STM32F1xx/Include -I../Drivers/CMSIS/Include -O0 -ffunction-sections -fdata-sections -Wall -fstack-usage -fcyclomatic-complexity -MMD -MP -MF"Core/Src/main.d" -MT"Core/Src/main.o" --specs=nano.specs -mfloat-abi=soft -mthumb -o "Core/Src/main.o"
arm-none-eabi-gcc -o "hmm.elf" @"objects.list"   -mcpu=cortex-m3 -T"P:\Prj\SR04\hmm\STM32F103C8TX_FLASH.ld" --specs=nosys.specs -Wl,-Map="hmm.map" -Wl,--gc-sections -static --specs=nano.specs -mfloat-abi=soft -mthumb -Wl,--start-group -lc -lm -Wl,--end-group
Finished building target: hmm.elf
 
arm-none-eabi-size   hmm.elf 
arm-none-eabi-objdump -h -S  hmm.elf  > "hmm.list"
   text	   data	    bss	    dec	    hex	filename
  14936	     32	   1832	  16800	   41a0	hmm.elf
Finished building: default.size.stdout
 
Finished building: hmm.list
 
17:56:12 **** Incremental Build of configuration Debug for project hmm ****
make -j8 all 
arm-none-eabi-gcc "../Core/Src/main.c" -mcpu=cortex-m3 -std=gnu11 -g3 -DDEBUG -DUSE_HAL_DRIVER -DSTM32F103xB -c -I../Core/Inc -I../Drivers/STM32F1xx_HAL_Driver/Inc/Legacy -I../Drivers/STM32F1xx_HAL_Driver/Inc -I../Drivers/CMSIS/Device/ST/STM32F1xx/Include -I../Drivers/CMSIS/Include -O0 -ffunction-sections -fdata-sections -Wall -fstack-usage -fcyclomatic-complexity -MMD -MP -MF"Core/Src/main.d" -MT"Core/Src/main.o" --specs=nano.specs -mfloat-abi=soft -mthumb -o "Core/Src/main.o"
arm-none-eabi-gcc -o "hmm.elf" @"objects.list"   -mcpu=cortex-m3 -T"P:\Prj\SR04\hmm\STM32F103C8TX_FLASH.ld" --specs=nosys.specs -Wl,-Map="hmm.map" -Wl,--gc-sections -static --specs=nano.specs -mfloat-abi=soft -mthumb -Wl,--start-group -lc -lm -Wl,--end-group
Finished building target: hmm.elf
 
arm-none-eabi-size   hmm.elf 
arm-none-eabi-objdump -h -S  hmm.elf  > "hmm.list"
   text	   data	    bss	    dec	    hex	filename
  14936	     32	   1832	  16800	   41a0	hmm.elf
Finished building: default.size.stdout
 
Finished building: hmm.list
 
17:56:58 **** Incremental Build of configuration Debug for project hmm ****
make -j8 all 
arm-none-eabi-gcc "../Core/Src/main.c" -mcpu=cortex-m3 -std=gnu11 -g3 -DDEBUG -DUSE_HAL_DRIVER -DSTM32F103xB -c -I../Core/Inc -I../Drivers/STM32F1xx_HAL_Driver/Inc/Legacy -I../Drivers/STM32F1xx_HAL_Driver/Inc -I../Drivers/CMSIS/Device/ST/STM32F1xx/Include -I../Drivers/CMSIS/Include -O0 -ffunction-sections -fdata-sections -Wall -fstack-usage -fcyclomatic-complexity -MMD -MP -MF"Core/Src/main.d" -MT"Core/Src/main.o" --specs=nano.specs -mfloat-abi=soft -mthumb -o "Core/Src/main.o"
arm-none-eabi-gcc -o "hmm.elf" @"objects.list"   -mcpu=cortex-m3 -T"P:\Prj\SR04\hmm\STM32F103C8TX_FLASH.ld" --specs=nosys.specs -Wl,-Map="hmm.map" -Wl,--gc-sections -static --specs=nano.specs -mfloat-abi=soft -mthumb -Wl,--start-group -lc -lm -Wl,--end-group
Finished building target: hmm.elf
 
arm-none-eabi-size   hmm.elf 
arm-none-eabi-objdump -h -S  hmm.elf  > "hmm.list"
   text	   data	    bss	    dec	    hex	filename
  15104	     32	   1832	  16968	   4248	hmm.elf
Finished building: default.size.stdout
 
Finished building: hmm.list
 
17:57:38 **** Incremental Build of configuration Debug for project hmm ****
make -j8 all 
arm-none-eabi-gcc "../Core/Src/main.c" -mcpu=cortex-m3 -std=gnu11 -g3 -DDEBUG -DUSE_HAL_DRIVER -DSTM32F103xB -c -I../Core/Inc -I../Drivers/STM32F1xx_HAL_Driver/Inc/Legacy -I../Drivers/STM32F1xx_HAL_Driver/Inc -I../Drivers/CMSIS/Device/ST/STM32F1xx/Include -I../Drivers/CMSIS/Include -O0 -ffunction-sections -fdata-sections -Wall -fstack-usage -fcyclomatic-complexity -MMD -MP -MF"Core/Src/main.d" -MT"Core/Src/main.o" --specs=nano.specs -mfloat-abi=soft -mthumb -o "Core/Src/main.o"
arm-none-eabi-gcc -o "hmm.elf" @"objects.list"   -mcpu=cortex-m3 -T"P:\Prj\SR04\hmm\STM32F103C8TX_FLASH.ld" --specs=nosys.specs -Wl,-Map="hmm.map" -Wl,--gc-sections -static --specs=nano.specs -mfloat-abi=soft -mthumb -Wl,--start-group -lc -lm -Wl,--end-group
Finished building target: hmm.elf
 
arm-none-eabi-size   hmm.elf 
arm-none-eabi-objdump -h -S  hmm.elf  > "hmm.list"
   text	   data	    bss	    dec	    hex	filename
  14936	     32	   1832	  16800	   41a0	hmm.elf
Finished building: default.size.stdout
 
Finished building: hmm.list
 
17:58:24 **** Incremental Build of configuration Debug for project hmm ****
make -j8 all 
arm-none-eabi-gcc "../Core/Src/main.c" -mcpu=cortex-m3 -std=gnu11 -g3 -DDEBUG -DUSE_HAL_DRIVER -DSTM32F103xB -c -I../Core/Inc -I../Drivers/STM32F1xx_HAL_Driver/Inc/Legacy -I../Drivers/STM32F1xx_HAL_Driver/Inc -I../Drivers/CMSIS/Device/ST/STM32F1xx/Include -I../Drivers/CMSIS/Include -O0 -ffunction-sections -fdata-sections -Wall -fstack-usage -fcyclomatic-complexity -MMD -MP -MF"Core/Src/main.d" -MT"Core/Src/main.o" --specs=nano.specs -mfloat-abi=soft -mthumb -o "Core/Src/main.o"
arm-none-eabi-gcc -o "hmm.elf" @"objects.list"   -mcpu=cortex-m3 -T"P:\Prj\SR04\hmm\STM32F103C8TX_FLASH.ld" --specs=nosys.specs -Wl,-Map="hmm.map" -Wl,--gc-sections -static --specs=nano.specs -mfloat-abi=soft -mthumb -Wl,--start-group -lc -lm -Wl,--end-group
Finished building target: hmm.elf
 
arm-none-eabi-size   hmm.elf 
arm-none-eabi-objdump -h -S  hmm.elf  > "hmm.list"
   text	   data	    bss	    dec	    hex	filename
  14936	     32	   1832	  16800	   41a0	hmm.elf
Finished building: default.size.stdout
 
Finished building: hmm.list
 
17:59:24 **** Incremental Build of configuration Debug for project hmm ****
make -j8 all 
arm-none-eabi-gcc "../Core/Src/main.c" -mcpu=cortex-m3 -std=gnu11 -g3 -DDEBUG -DUSE_HAL_DRIVER -DSTM32F103xB -c -I../Core/Inc -I../Drivers/STM32F1xx_HAL_Driver/Inc/Legacy -I../Drivers/STM32F1xx_HAL_Driver/Inc -I../Drivers/CMSIS/Device/ST/STM32F1xx/Include -I../Drivers/CMSIS/Include -O0 -ffunction-sections -fdata-sections -Wall -fstack-usage -fcyclomatic-complexity -MMD -MP -MF"Core/Src/main.d" -MT"Core/Src/main.o" --specs=nano.specs -mfloat-abi=soft -mthumb -o "Core/Src/main.o"
arm-none-eabi-gcc -o "hmm.elf" @"objects.list"   -mcpu=cortex-m3 -T"P:\Prj\SR04\hmm\STM32F103C8TX_FLASH.ld" --specs=nosys.specs -Wl,-Map="hmm.map" -Wl,--gc-sections -static --specs=nano.specs -mfloat-abi=soft -mthumb -Wl,--start-group -lc -lm -Wl,--end-group
Finished building target: hmm.elf
 
arm-none-eabi-size   hmm.elf 
arm-none-eabi-objdump -h -S  hmm.elf  > "hmm.list"
   text	   data	    bss	    dec	    hex	filename
  15088	     32	   1832	  16952	   4238	hmm.elf
Finished building: default.size.stdout
 
Finished building: hmm.list
 
18:00:37 **** Incremental Build of configuration Debug for project hmm ****
make -j8 all 
arm-none-eabi-gcc "../Core/Src/main.c" -mcpu=cortex-m3 -std=gnu11 -g3 -DDEBUG -DUSE_HAL_DRIVER -DSTM32F103xB -c -I../Core/Inc -I../Drivers/STM32F1xx_HAL_Driver/Inc/Legacy -I../Drivers/STM32F1xx_HAL_Driver/Inc -I../Drivers/CMSIS/Device/ST/STM32F1xx/Include -I../Drivers/CMSIS/Include -O0 -ffunction-sections -fdata-sections -Wall -fstack-usage -fcyclomatic-complexity -MMD -MP -MF"Core/Src/main.d" -MT"Core/Src/main.o" --specs=nano.specs -mfloat-abi=soft -mthumb -o "Core/Src/main.o"
arm-none-eabi-gcc -o "hmm.elf" @"objects.list"   -mcpu=cortex-m3 -T"P:\Prj\SR04\hmm\STM32F103C8TX_FLASH.ld" --specs=nosys.specs -Wl,-Map="hmm.map" -Wl,--gc-sections -static --specs=nano.specs -mfloat-abi=soft -mthumb -Wl,--start-group -lc -lm -Wl,--end-group
Finished building target: hmm.elf
 
arm-none-eabi-size   hmm.elf 
arm-none-eabi-objdump -h -S  hmm.elf  > "hmm.list"
   text	   data	    bss	    dec	    hex	filename
  15088	     32	   1832	  16952	   4238	hmm.elf
Finished building: default.size.stdout
 
Finished building: hmm.list
 
18:01:36 **** Incremental Build of configuration Debug for project hmm ****
make -j8 all 
arm-none-eabi-gcc "../Core/Src/main.c" -mcpu=cortex-m3 -std=gnu11 -g3 -DDEBUG -DUSE_HAL_DRIVER -DSTM32F103xB -c -I../Core/Inc -I../Drivers/STM32F1xx_HAL_Driver/Inc/Legacy -I../Drivers/STM32F1xx_HAL_Driver/Inc -I../Drivers/CMSIS/Device/ST/STM32F1xx/Include -I../Drivers/CMSIS/Include -O0 -ffunction-sections -fdata-sections -Wall -fstack-usage -fcyclomatic-complexity -MMD -MP -MF"Core/Src/main.d" -MT"Core/Src/main.o" --specs=nano.specs -mfloat-abi=soft -mthumb -o "Core/Src/main.o"
arm-none-eabi-gcc -o "hmm.elf" @"objects.list"   -mcpu=cortex-m3 -T"P:\Prj\SR04\hmm\STM32F103C8TX_FLASH.ld" --specs=nosys.specs -Wl,-Map="hmm.map" -Wl,--gc-sections -static --specs=nano.specs -mfloat-abi=soft -mthumb -Wl,--start-group -lc -lm -Wl,--end-group
Finished building target: hmm.elf
 
arm-none-eabi-size   hmm.elf 
arm-none-eabi-objdump -h -S  hmm.elf  > "hmm.list"
   text	   data	    bss	    dec	    hex	filename
  15236	     32	   1848	  17116	   42dc	hmm.elf
Finished building: default.size.stdout
 
Finished building: hmm.list
 
18:04:01 **** Incremental Build of configuration Debug for project hmm ****
make -j8 all 
arm-none-eabi-gcc "../Core/Src/main.c" -mcpu=cortex-m3 -std=gnu11 -g3 -DDEBUG -DUSE_HAL_DRIVER -DSTM32F103xB -c -I../Core/Inc -I../Drivers/STM32F1xx_HAL_Driver/Inc/Legacy -I../Drivers/STM32F1xx_HAL_Driver/Inc -I../Drivers/CMSIS/Device/ST/STM32F1xx/Include -I../Drivers/CMSIS/Include -O0 -ffunction-sections -fdata-sections -Wall -fstack-usage -fcyclomatic-complexity -MMD -MP -MF"Core/Src/main.d" -MT"Core/Src/main.o" --specs=nano.specs -mfloat-abi=soft -mthumb -o "Core/Src/main.o"
arm-none-eabi-gcc -o "hmm.elf" @"objects.list"   -mcpu=cortex-m3 -T"P:\Prj\SR04\hmm\STM32F103C8TX_FLASH.ld" --specs=nosys.specs -Wl,-Map="hmm.map" -Wl,--gc-sections -static --specs=nano.specs -mfloat-abi=soft -mthumb -Wl,--start-group -lc -lm -Wl,--end-group
Finished building target: hmm.elf
 
arm-none-eabi-size   hmm.elf 
arm-none-eabi-objdump -h -S  hmm.elf  > "hmm.list"
   text	   data	    bss	    dec	    hex	filename
  15132	     32	   1848	  17012	   4274	hmm.elf
Finished building: default.size.stdout
 
Finished building: hmm.list
 
18:05:50 **** Incremental Build of configuration Debug for project hmm ****
make -j8 all 
arm-none-eabi-gcc "../Core/Src/main.c" -mcpu=cortex-m3 -std=gnu11 -g3 -DDEBUG -DUSE_HAL_DRIVER -DSTM32F103xB -c -I../Core/Inc -I../Drivers/STM32F1xx_HAL_Driver/Inc/Legacy -I../Drivers/STM32F1xx_HAL_Driver/Inc -I../Drivers/CMSIS/Device/ST/STM32F1xx/Include -I../Drivers/CMSIS/Include -O0 -ffunction-sections -fdata-sections -Wall -fstack-usage -fcyclomatic-complexity -MMD -MP -MF"Core/Src/main.d" -MT"Core/Src/main.o" --specs=nano.specs -mfloat-abi=soft -mthumb -o "Core/Src/main.o"
arm-none-eabi-gcc -o "hmm.elf" @"objects.list"   -mcpu=cortex-m3 -T"P:\Prj\SR04\hmm\STM32F103C8TX_FLASH.ld" --specs=nosys.specs -Wl,-Map="hmm.map" -Wl,--gc-sections -static --specs=nano.specs -mfloat-abi=soft -mthumb -Wl,--start-group -lc -lm -Wl,--end-group
Finished building target: hmm.elf
 
arm-none-eabi-size   hmm.elf 
arm-none-eabi-objdump -h -S  hmm.elf  > "hmm.list"
   text	   data	    bss	    dec	    hex	filename
  15184	     32	   1848	  17064	   42a8	hmm.elf
Finished building: default.size.stdout
 
Finished building: hmm.list
 
18:06:53 **** Incremental Build of configuration Debug for project hmm ****
make -j8 all 
arm-none-eabi-size   hmm.elf 
   text	   data	    bss	    dec	    hex	filename
  15184	     32	   1848	  17064	   42a8	hmm.elf
Finished building: default.size.stdout
 
18:07:29 **** Incremental Build of configuration Debug for project hmm ****
make -j8 all 
arm-none-eabi-gcc "../Core/Src/main.c" -mcpu=cortex-m3 -std=gnu11 -g3 -DDEBUG -DUSE_HAL_DRIVER -DSTM32F103xB -c -I../Core/Inc -I../Drivers/STM32F1xx_HAL_Driver/Inc/Legacy -I../Drivers/STM32F1xx_HAL_Driver/Inc -I../Drivers/CMSIS/Device/ST/STM32F1xx/Include -I../Drivers/CMSIS/Include -O0 -ffunction-sections -fdata-sections -Wall -fstack-usage -fcyclomatic-complexity -MMD -MP -MF"Core/Src/main.d" -MT"Core/Src/main.o" --specs=nano.specs -mfloat-abi=soft -mthumb -o "Core/Src/main.o"
arm-none-eabi-gcc -o "hmm.elf" @"objects.list"   -mcpu=cortex-m3 -T"P:\Prj\SR04\hmm\STM32F103C8TX_FLASH.ld" --specs=nosys.specs -Wl,-Map="hmm.map" -Wl,--gc-sections -static --specs=nano.specs -mfloat-abi=soft -mthumb -Wl,--start-group -lc -lm -Wl,--end-group
Finished building target: hmm.elf
 
arm-none-eabi-size   hmm.elf 
arm-none-eabi-objdump -h -S  hmm.elf  > "hmm.list"
   text	   data	    bss	    dec	    hex	filename
  15184	     32	   1848	  17064	   42a8	hmm.elf
Finished building: default.size.stdout
 
Finished building: hmm.list
 
18:07:45 **** Incremental Build of configuration Debug for project hmm ****
make -j8 all 
arm-none-eabi-size   hmm.elf 
   text	   data	    bss	    dec	    hex	filename
  15184	     32	   1848	  17064	   42a8	hmm.elf
Finished building: default.size.stdout
 
18:08:33 **** Incremental Build of configuration Debug for project hmm ****
make -j8 all 
arm-none-eabi-gcc "../Core/Src/main.c" -mcpu=cortex-m3 -std=gnu11 -g3 -DDEBUG -DUSE_HAL_DRIVER -DSTM32F103xB -c -I../Core/Inc -I../Drivers/STM32F1xx_HAL_Driver/Inc/Legacy -I../Drivers/STM32F1xx_HAL_Driver/Inc -I../Drivers/CMSIS/Device/ST/STM32F1xx/Include -I../Drivers/CMSIS/Include -O0 -ffunction-sections -fdata-sections -Wall -fstack-usage -fcyclomatic-complexity -MMD -MP -MF"Core/Src/main.d" -MT"Core/Src/main.o" --specs=nano.specs -mfloat-abi=soft -mthumb -o "Core/Src/main.o"
arm-none-eabi-gcc -o "hmm.elf" @"objects.list"   -mcpu=cortex-m3 -T"P:\Prj\SR04\hmm\STM32F103C8TX_FLASH.ld" --specs=nosys.specs -Wl,-Map="hmm.map" -Wl,--gc-sections -static --specs=nano.specs -mfloat-abi=soft -mthumb -Wl,--start-group -lc -lm -Wl,--end-group
Finished building target: hmm.elf
 
arm-none-eabi-size   hmm.elf 
arm-none-eabi-objdump -h -S  hmm.elf  > "hmm.list"
   text	   data	    bss	    dec	    hex	filename
  15184	     32	   1848	  17064	   42a8	hmm.elf
Finished building: default.size.stdout
 
Finished building: hmm.list
 
18:09:15 **** Incremental Build of configuration Debug for project hmm ****
make -j8 all 
arm-none-eabi-gcc "../Core/Src/main.c" -mcpu=cortex-m3 -std=gnu11 -g3 -DDEBUG -DUSE_HAL_DRIVER -DSTM32F103xB -c -I../Core/Inc -I../Drivers/STM32F1xx_HAL_Driver/Inc/Legacy -I../Drivers/STM32F1xx_HAL_Driver/Inc -I../Drivers/CMSIS/Device/ST/STM32F1xx/Include -I../Drivers/CMSIS/Include -O0 -ffunction-sections -fdata-sections -Wall -fstack-usage -fcyclomatic-complexity -MMD -MP -MF"Core/Src/main.d" -MT"Core/Src/main.o" --specs=nano.specs -mfloat-abi=soft -mthumb -o "Core/Src/main.o"
arm-none-eabi-gcc -o "hmm.elf" @"objects.list"   -mcpu=cortex-m3 -T"P:\Prj\SR04\hmm\STM32F103C8TX_FLASH.ld" --specs=nosys.specs -Wl,-Map="hmm.map" -Wl,--gc-sections -static --specs=nano.specs -mfloat-abi=soft -mthumb -Wl,--start-group -lc -lm -Wl,--end-group
Finished building target: hmm.elf
 
arm-none-eabi-size   hmm.elf 
arm-none-eabi-objdump -h -S  hmm.elf  > "hmm.list"
   text	   data	    bss	    dec	    hex	filename
  15184	     32	   1848	  17064	   42a8	hmm.elf
Finished building: default.size.stdout
 
Finished building: hmm.list
 
18:11:43 **** Incremental Build of configuration Debug for project hmm ****
make -j8 all 
arm-none-eabi-gcc "../Core/Src/main.c" -mcpu=cortex-m3 -std=gnu11 -g3 -DDEBUG -DUSE_HAL_DRIVER -DSTM32F103xB -c -I../Core/Inc -I../Drivers/STM32F1xx_HAL_Driver/Inc/Legacy -I../Drivers/STM32F1xx_HAL_Driver/Inc -I../Drivers/CMSIS/Device/ST/STM32F1xx/Include -I../Drivers/CMSIS/Include -O0 -ffunction-sections -fdata-sections -Wall -fstack-usage -fcyclomatic-complexity -MMD -MP -MF"Core/Src/main.d" -MT"Core/Src/main.o" --specs=nano.specs -mfloat-abi=soft -mthumb -o "Core/Src/main.o"
arm-none-eabi-gcc -o "hmm.elf" @"objects.list"   -mcpu=cortex-m3 -T"P:\Prj\SR04\hmm\STM32F103C8TX_FLASH.ld" --specs=nosys.specs -Wl,-Map="hmm.map" -Wl,--gc-sections -static --specs=nano.specs -mfloat-abi=soft -mthumb -Wl,--start-group -lc -lm -Wl,--end-group
Finished building target: hmm.elf
 
arm-none-eabi-size   hmm.elf 
arm-none-eabi-objdump -h -S  hmm.elf  > "hmm.list"
   text	   data	    bss	    dec	    hex	filename
  15184	     32	   1848	  17064	   42a8	hmm.elf
Finished building: default.size.stdout
 
Finished building: hmm.list
 
