18:11:43 **** Incremental Build of configuration Debug for project hmm ****
make -j8 all 
arm-none-eabi-gcc "../Core/Src/main.c" -mcpu=cortex-m3 -std=gnu11 -g3 -DDEBUG -DUSE_HAL_DRIVER -DSTM32F103xB -c -I../Core/Inc -I../Drivers/STM32F1xx_HAL_Driver/Inc/Legacy -I../Drivers/STM32F1xx_HAL_Driver/Inc -I../Drivers/CMSIS/Device/ST/STM32F1xx/Include -I../Drivers/CMSIS/Include -O0 -ffunction-sections -fdata-sections -Wall -fstack-usage -fcyclomatic-complexity -MMD -MP -MF"Core/Src/main.d" -MT"Core/Src/main.o" --specs=nano.specs -mfloat-abi=soft -mthumb -o "Core/Src/main.o"
arm-none-eabi-gcc -o "hmm.elf" @"objects.list"   -mcpu=cortex-m3 -T"P:\Prj\SR04\hmm\STM32F103C8TX_FLASH.ld" --specs=nosys.specs -Wl,-Map="hmm.map" -Wl,--gc-sections -static --specs=nano.specs -mfloat-abi=soft -mthumb -Wl,--start-group -lc -lm -Wl,--end-group
Finished building target: hmm.elf
 
arm-none-eabi-size   hmm.elf 
arm-none-eabi-objdump -h -S  hmm.elf  > "hmm.list"
   text	   data	    bss	    dec	    hex	filename
  15184	     32	   1848	  17064	   42a8	hmm.elf
Finished building: default.size.stdout
 
Finished building: hmm.list
 

18:11:44 Build Finished. 0 errors, 0 warnings. (took 649ms)

